Archive member included to satisfy reference by file (symbol)

d:/program files/st/stm32cubeide_1.4.0/stm32cubeide/plugins/com.st.stm32cube.ide.mcu.externaltools.gnu-tools-for-stm32.7-2018-q2-update.win32_1.4.0.202007081208/tools/bin/../lib/gcc/arm-none-eabi/7.3.1/../../../../arm-none-eabi/lib/thumb/v7e-m/fpv4-sp/hard\libc_nano.a(lib_a-errno.o)
                              Core/Src/syscalls.o (__errno)
d:/program files/st/stm32cubeide_1.4.0/stm32cubeide/plugins/com.st.stm32cube.ide.mcu.externaltools.gnu-tools-for-stm32.7-2018-q2-update.win32_1.4.0.202007081208/tools/bin/../lib/gcc/arm-none-eabi/7.3.1/../../../../arm-none-eabi/lib/thumb/v7e-m/fpv4-sp/hard\libc_nano.a(lib_a-exit.o)
                              d:/program files/st/stm32cubeide_1.4.0/stm32cubeide/plugins/com.st.stm32cube.ide.mcu.externaltools.gnu-tools-for-stm32.7-2018-q2-update.win32_1.4.0.202007081208/tools/bin/../lib/gcc/arm-none-eabi/7.3.1/../../../../arm-none-eabi/lib/thumb/v7e-m/fpv4-sp/hard/crt0.o (exit)
d:/program files/st/stm32cubeide_1.4.0/stm32cubeide/plugins/com.st.stm32cube.ide.mcu.externaltools.gnu-tools-for-stm32.7-2018-q2-update.win32_1.4.0.202007081208/tools/bin/../lib/gcc/arm-none-eabi/7.3.1/../../../../arm-none-eabi/lib/thumb/v7e-m/fpv4-sp/hard\libc_nano.a(lib_a-impure.o)
                              d:/program files/st/stm32cubeide_1.4.0/stm32cubeide/plugins/com.st.stm32cube.ide.mcu.externaltools.gnu-tools-for-stm32.7-2018-q2-update.win32_1.4.0.202007081208/tools/bin/../lib/gcc/arm-none-eabi/7.3.1/../../../../arm-none-eabi/lib/thumb/v7e-m/fpv4-sp/hard\libc_nano.a(lib_a-exit.o) (_global_impure_ptr)
d:/program files/st/stm32cubeide_1.4.0/stm32cubeide/plugins/com.st.stm32cube.ide.mcu.externaltools.gnu-tools-for-stm32.7-2018-q2-update.win32_1.4.0.202007081208/tools/bin/../lib/gcc/arm-none-eabi/7.3.1/../../../../arm-none-eabi/lib/thumb/v7e-m/fpv4-sp/hard\libc_nano.a(lib_a-init.o)
                              d:/program files/st/stm32cubeide_1.4.0/stm32cubeide/plugins/com.st.stm32cube.ide.mcu.externaltools.gnu-tools-for-stm32.7-2018-q2-update.win32_1.4.0.202007081208/tools/bin/../lib/gcc/arm-none-eabi/7.3.1/../../../../arm-none-eabi/lib/thumb/v7e-m/fpv4-sp/hard/crt0.o (__libc_init_array)
d:/program files/st/stm32cubeide_1.4.0/stm32cubeide/plugins/com.st.stm32cube.ide.mcu.externaltools.gnu-tools-for-stm32.7-2018-q2-update.win32_1.4.0.202007081208/tools/bin/../lib/gcc/arm-none-eabi/7.3.1/../../../../arm-none-eabi/lib/thumb/v7e-m/fpv4-sp/hard\libc_nano.a(lib_a-malloc.o)
                              Middlewares/ST/STM32_USB_Host_Library/Class/CDC/Src/usbh_cdc.o (malloc)
d:/program files/st/stm32cubeide_1.4.0/stm32cubeide/plugins/com.st.stm32cube.ide.mcu.externaltools.gnu-tools-for-stm32.7-2018-q2-update.win32_1.4.0.202007081208/tools/bin/../lib/gcc/arm-none-eabi/7.3.1/../../../../arm-none-eabi/lib/thumb/v7e-m/fpv4-sp/hard\libc_nano.a(lib_a-memcpy-stub.o)
                              Middlewares/Third_Party/FreeRTOS/Source/queue.o (memcpy)
d:/program files/st/stm32cubeide_1.4.0/stm32cubeide/plugins/com.st.stm32cube.ide.mcu.externaltools.gnu-tools-for-stm32.7-2018-q2-update.win32_1.4.0.202007081208/tools/bin/../lib/gcc/arm-none-eabi/7.3.1/../../../../arm-none-eabi/lib/thumb/v7e-m/fpv4-sp/hard\libc_nano.a(lib_a-memset.o)
                              d:/program files/st/stm32cubeide_1.4.0/stm32cubeide/plugins/com.st.stm32cube.ide.mcu.externaltools.gnu-tools-for-stm32.7-2018-q2-update.win32_1.4.0.202007081208/tools/bin/../lib/gcc/arm-none-eabi/7.3.1/../../../../arm-none-eabi/lib/thumb/v7e-m/fpv4-sp/hard/crt0.o (memset)
d:/program files/st/stm32cubeide_1.4.0/stm32cubeide/plugins/com.st.stm32cube.ide.mcu.externaltools.gnu-tools-for-stm32.7-2018-q2-update.win32_1.4.0.202007081208/tools/bin/../lib/gcc/arm-none-eabi/7.3.1/../../../../arm-none-eabi/lib/thumb/v7e-m/fpv4-sp/hard\libc_nano.a(lib_a-nano-freer.o)
                              d:/program files/st/stm32cubeide_1.4.0/stm32cubeide/plugins/com.st.stm32cube.ide.mcu.externaltools.gnu-tools-for-stm32.7-2018-q2-update.win32_1.4.0.202007081208/tools/bin/../lib/gcc/arm-none-eabi/7.3.1/../../../../arm-none-eabi/lib/thumb/v7e-m/fpv4-sp/hard\libc_nano.a(lib_a-malloc.o) (_free_r)
d:/program files/st/stm32cubeide_1.4.0/stm32cubeide/plugins/com.st.stm32cube.ide.mcu.externaltools.gnu-tools-for-stm32.7-2018-q2-update.win32_1.4.0.202007081208/tools/bin/../lib/gcc/arm-none-eabi/7.3.1/../../../../arm-none-eabi/lib/thumb/v7e-m/fpv4-sp/hard\libc_nano.a(lib_a-nano-mallocr.o)
                              d:/program files/st/stm32cubeide_1.4.0/stm32cubeide/plugins/com.st.stm32cube.ide.mcu.externaltools.gnu-tools-for-stm32.7-2018-q2-update.win32_1.4.0.202007081208/tools/bin/../lib/gcc/arm-none-eabi/7.3.1/../../../../arm-none-eabi/lib/thumb/v7e-m/fpv4-sp/hard\libc_nano.a(lib_a-malloc.o) (_malloc_r)
[...]
Memory Configuration

Name             Origin             Length             Attributes
CCMRAM           0x0000000010000000 0x0000000000010000 xrw
RAM              0x0000000020000000 0x0000000000020000 xrw
FLASH            0x0000000008000000 0x0000000000100000 xr
*default*        0x0000000000000000 0xffffffffffffffff

Linker script and memory map

LOAD d:/program files/st/stm32cubeide_1.4.0/stm32cubeide/plugins/com.st.stm32cube.ide.mcu.externaltools.gnu-tools-for-stm32.7-2018-q2-update.win32_1.4.0.202007081208/tools/bin/../lib/gcc/arm-none-eabi/7.3.1/thumb/v7e-m/fpv4-sp/hard/crti.o
LOAD d:/program files/st/stm32cubeide_1.4.0/stm32cubeide/plugins/com.st.stm32cube.ide.mcu.externaltools.gnu-tools-for-stm32.7-2018-q2-update.win32_1.4.0.202007081208/tools/bin/../lib/gcc/arm-none-eabi/7.3.1/thumb/v7e-m/fpv4-sp/hard/crtbegin.o
LOAD d:/program files/st/stm32cubeide_1.4.0/stm32cubeide/plugins/com.st.stm32cube.ide.mcu.externaltools.gnu-tools-for-stm32.7-2018-q2-update.win32_1.4.0.202007081208/tools/bin/../lib/gcc/arm-none-eabi/7.3.1/../../../../arm-none-eabi/lib/thumb/v7e-m/fpv4-sp/hard/crt0.o
LOAD Core/Src/freertos.o
LOAD Core/Src/main.o
LOAD Core/Src/stm32f4xx_hal_msp.o
LOAD Core/Src/stm32f4xx_hal_timebase_tim.o
LOAD Core/Src/stm32f4xx_it.o
LOAD Core/Src/syscalls.o
LOAD Core/Src/sysmem.o
LOAD Core/Src/system_stm32f4xx.o
LOAD Core/Startup/startup_stm32f407vgtx.o
LOAD Drivers/STM32F4xx_HAL_Driver/Src/stm32f4xx_hal.o
LOAD Drivers/STM32F4xx_HAL_Driver/Src/stm32f4xx_hal_cortex.o
LOAD Drivers/STM32F4xx_HAL_Driver/Src/stm32f4xx_hal_dma.o
LOAD Drivers/STM32F4xx_HAL_Driver/Src/stm32f4xx_hal_dma_ex.o
LOAD Drivers/STM32F4xx_HAL_Driver/Src/stm32f4xx_hal_exti.o
LOAD Drivers/STM32F4xx_HAL_Driver/Src/stm32f4xx_hal_flash.o
LOAD Drivers/STM32F4xx_HAL_Driver/Src/stm32f4xx_hal_flash_ex.o
LOAD Drivers/STM32F4xx_HAL_Driver/Src/stm32f4xx_hal_flash_ramfunc.o
LOAD Drivers/STM32F4xx_HAL_Driver/Src/stm32f4xx_hal_gpio.o
LOAD Drivers/STM32F4xx_HAL_Driver/Src/stm32f4xx_hal_hcd.o
LOAD Drivers/STM32F4xx_HAL_Driver/Src/stm32f4xx_hal_i2c.o
LOAD Drivers/STM32F4xx_HAL_Driver/Src/stm32f4xx_hal_i2c_ex.o
LOAD Drivers/STM32F4xx_HAL_Driver/Src/stm32f4xx_hal_i2s.o
LOAD Drivers/STM32F4xx_HAL_Driver/Src/stm32f4xx_hal_i2s_ex.o
LOAD Drivers/STM32F4xx_HAL_Driver/Src/stm32f4xx_hal_pwr.o
LOAD Drivers/STM32F4xx_HAL_Driver/Src/stm32f4xx_hal_pwr_ex.o
LOAD Drivers/STM32F4xx_HAL_Driver/Src/stm32f4xx_hal_rcc.o
LOAD Drivers/STM32F4xx_HAL_Driver/Src/stm32f4xx_hal_rcc_ex.o
LOAD Drivers/STM32F4xx_HAL_Driver/Src/stm32f4xx_hal_spi.o
LOAD Drivers/STM32F4xx_HAL_Driver/Src/stm32f4xx_hal_tim.o
LOAD Drivers/STM32F4xx_HAL_Driver/Src/stm32f4xx_hal_tim_ex.o
LOAD Drivers/STM32F4xx_HAL_Driver/Src/stm32f4xx_hal_uart.o
LOAD Drivers/STM32F4xx_HAL_Driver/Src/stm32f4xx_ll_usb.o
LOAD Middlewares/ST/STM32_USB_Host_Library/Class/CDC/Src/usbh_cdc.o
LOAD Middlewares/ST/STM32_USB_Host_Library/Core/Src/usbh_core.o
LOAD Middlewares/ST/STM32_USB_Host_Library/Core/Src/usbh_ctlreq.o
LOAD Middlewares/ST/STM32_USB_Host_Library/Core/Src/usbh_ioreq.o
LOAD Middlewares/ST/STM32_USB_Host_Library/Core/Src/usbh_pipes.o
LOAD Middlewares/Third_Party/FreeRTOS/Source/CMSIS_RTOS/cmsis_os.o
LOAD Middlewares/Third_Party/FreeRTOS/Source/croutine.o
LOAD Middlewares/Third_Party/FreeRTOS/Source/event_groups.o
LOAD Middlewares/Third_Party/FreeRTOS/Source/list.o
LOAD Middlewares/Third_Party/FreeRTOS/Source/queue.o
LOAD Middlewares/Third_Party/FreeRTOS/Source/stream_buffer.o
LOAD Middlewares/Third_Party/FreeRTOS/Source/tasks.o
LOAD Middlewares/Third_Party/FreeRTOS/Source/timers.o
LOAD Middlewares/Third_Party/FreeRTOS/Source/portable/GCC/ARM_CM4F/port.o
LOAD Middlewares/Third_Party/FreeRTOS/Source/portable/MemMang/heap_4.o
LOAD USB_HOST/App/usb_host.o
LOAD USB_HOST/Target/usbh_conf.o
LOAD USB_HOST/Target/usbh_platform.o
START GROUP
LOAD d:/program files/st/stm32cubeide_1.4.0/stm32cubeide/plugins/com.st.stm32cube.ide.mcu.externaltools.gnu-tools-for-stm32.7-2018-q2-update.win32_1.4.0.202007081208/tools/bin/../lib/gcc/arm-none-eabi/7.3.1/../../../../arm-none-eabi/lib/thumb/v7e-m/fpv4-sp/hard\libc_nano.a
LOAD d:/program files/st/stm32cubeide_1.4.0/stm32cubeide/plugins/com.st.stm32cube.ide.mcu.externaltools.gnu-tools-for-stm32.7-2018-q2-update.win32_1.4.0.202007081208/tools/bin/../lib/gcc/arm-none-eabi/7.3.1/../../../../arm-none-eabi/lib/thumb/v7e-m/fpv4-sp/hard\libm.a
END GROUP
START GROUP
LOAD d:/program files/st/stm32cubeide_1.4.0/stm32cubeide/plugins/com.st.stm32cube.ide.mcu.externaltools.gnu-tools-for-stm32.7-2018-q2-update.win32_1.4.0.202007081208/tools/bin/../lib/gcc/arm-none-eabi/7.3.1/thumb/v7e-m/fpv4-sp/hard\libgcc.a
LOAD d:/program files/st/stm32cubeide_1.4.0/stm32cubeide/plugins/com.st.stm32cube.ide.mcu.externaltools.gnu-tools-for-stm32.7-2018-q2-update.win32_1.4.0.202007081208/tools/bin/../lib/gcc/arm-none-eabi/7.3.1/../../../../arm-none-eabi/lib/thumb/v7e-m/fpv4-sp/hard\libc_nano.a
END GROUP
START GROUP
LOAD d:/program files/st/stm32cubeide_1.4.0/stm32cubeide/plugins/com.st.stm32cube.ide.mcu.externaltools.gnu-tools-for-stm32.7-2018-q2-update.win32_1.4.0.202007081208/tools/bin/../lib/gcc/arm-none-eabi/7.3.1/thumb/v7e-m/fpv4-sp/hard\libgcc.a
LOAD d:/program files/st/stm32cubeide_1.4.0/stm32cubeide/plugins/com.st.stm32cube.ide.mcu.externaltools.gnu-tools-for-stm32.7-2018-q2-update.win32_1.4.0.202007081208/tools/bin/../lib/gcc/arm-none-eabi/7.3.1/../../../../arm-none-eabi/lib/thumb/v7e-m/fpv4-sp/hard\libc_nano.a
LOAD d:/program files/st/stm32cubeide_1.4.0/stm32cubeide/plugins/com.st.stm32cube.ide.mcu.externaltools.gnu-tools-for-stm32.7-2018-q2-update.win32_1.4.0.202007081208/tools/bin/../lib/gcc/arm-none-eabi/7.3.1/../../../../arm-none-eabi/lib/thumb/v7e-m/fpv4-sp/hard\libnosys.a
END GROUP
START GROUP
LOAD d:/program files/st/stm32cubeide_1.4.0/stm32cubeide/plugins/com.st.stm32cube.ide.mcu.externaltools.gnu-tools-for-stm32.7-2018-q2-update.win32_1.4.0.202007081208/tools/bin/../lib/gcc/arm-none-eabi/7.3.1/thumb/v7e-m/fpv4-sp/hard\libgcc.a
LOAD d:/program files/st/stm32cubeide_1.4.0/stm32cubeide/plugins/com.st.stm32cube.ide.mcu.externaltools.gnu-tools-for-stm32.7-2018-q2-update.win32_1.4.0.202007081208/tools/bin/../lib/gcc/arm-none-eabi/7.3.1/../../../../arm-none-eabi/lib/thumb/v7e-m/fpv4-sp/hard\libc_nano.a
LOAD d:/program files/st/stm32cubeide_1.4.0/stm32cubeide/plugins/com.st.stm32cube.ide.mcu.externaltools.gnu-tools-for-stm32.7-2018-q2-update.win32_1.4.0.202007081208/tools/bin/../lib/gcc/arm-none-eabi/7.3.1/../../../../arm-none-eabi/lib/thumb/v7e-m/fpv4-sp/hard\libnosys.a
END GROUP
LOAD d:/program files/st/stm32cubeide_1.4.0/stm32cubeide/plugins/com.st.stm32cube.ide.mcu.externaltools.gnu-tools-for-stm32.7-2018-q2-update.win32_1.4.0.202007081208/tools/bin/../lib/gcc/arm-none-eabi/7.3.1/thumb/v7e-m/fpv4-sp/hard/crtend.o
LOAD d:/program files/st/stm32cubeide_1.4.0/stm32cubeide/plugins/com.st.stm32cube.ide.mcu.externaltools.gnu-tools-for-stm32.7-2018-q2-update.win32_1.4.0.202007081208/tools/bin/../lib/gcc/arm-none-eabi/7.3.1/thumb/v7e-m/fpv4-sp/hard/crtn.o
                0x0000000020020000                _estack = (ORIGIN (RAM) + LENGTH (RAM))
                0x0000000000000200                _Min_Heap_Size = 0x200
                0x0000000000000400                _Min_Stack_Size = 0x400

.isr_vector     0x0000000008000000      0x188
                0x0000000008000000                . = ALIGN (0x4)
 *(.isr_vector)
 .isr_vector    0x0000000008000000      0x188 Core/Startup/startup_stm32f407vgtx.o
                0x0000000008000000                g_pfnVectors
                0x0000000008000188                . = ALIGN (0x4)

.text           0x0000000008000190     0xcf68
                0x0000000008000190                . = ALIGN (0x4)
 *(.text)
 .text          0x0000000008000190       0x40 d:/program files/st/stm32cubeide_1.4.0/stm32cubeide/plugins/com.st.stm32cube.ide.mcu.externaltools.gnu-tools-for-stm32.7-2018-q2-update.win32_1.4.0.202007081208/tools/bin/../lib/gcc/arm-none-eabi/7.3.1/thumb/v7e-m/fpv4-sp/hard/crtbegin.o
 .text          0x00000000080001d0       0x10 d:/program files/st/stm32cubeide_1.4.0/stm32cubeide/plugins/com.st.stm32cube.ide.mcu.externaltools.gnu-tools-for-stm32.7-2018-q2-update.win32_1.4.0.202007081208/tools/bin/../lib/gcc/arm-none-eabi/7.3.1/../../../../arm-none-eabi/lib/thumb/v7e-m/fpv4-sp/hard\libc_nano.a(lib_a-strlen.o)
                0x00000000080001d0                strlen
 .text          0x00000000080001e0       0x30 d:/program files/st/stm32cubeide_1.4.0/stm32cubeide/plugins/com.st.stm32cube.ide.mcu.externaltools.gnu-tools-for-stm32.7-2018-q2-update.win32_1.4.0.202007081208/tools/bin/../lib/gcc/arm-none-eabi/7.3.1/thumb/v7e-m/fpv4-sp/hard\libgcc.a(_aeabi_uldivmod.o)
                0x00000000080001e0                __aeabi_uldivmod
 .text          0x0000000008000210      0x2cc d:/program files/st/stm32cubeide_1.4.0/stm32cubeide/plugins/com.st.stm32cube.ide.mcu.externaltools.gnu-tools-for-stm32.7-2018-q2-update.win32_1.4.0.202007081208/tools/bin/../lib/gcc/arm-none-eabi/7.3.1/thumb/v7e-m/fpv4-sp/hard\libgcc.a(_udivmoddi4.o)
                0x0000000008000210                __udivmoddi4
 .text          0x00000000080004dc        0x4 d:/program files/st/stm32cubeide_1.4.0/stm32cubeide/plugins/com.st.stm32cube.ide.mcu.externaltools.gnu-tools-for-stm32.7-2018-q2-update.win32_1.4.0.202007081208/tools/bin/../lib/gcc/arm-none-eabi/7.3.1/thumb/v7e-m/fpv4-sp/hard\libgcc.a(_dvmd_tls.o)
                0x00000000080004dc                __aeabi_idiv0
                0x00000000080004dc                __aeabi_ldiv0
 *(.text*)
 .text.configureTimerForRunTimeStats
                0x00000000080004e0        0xe Core/Src/freertos.o
                0x00000000080004e0                configureTimerForRunTimeStats
 .text.getRunTimeCounterValue
                0x00000000080004ee       0x10 Core/Src/freertos.o
                0x00000000080004ee                getRunTimeCounterValue
 *fill*         0x00000000080004fe        0x2 
 .text.vApplicationGetIdleTaskMemory
                0x0000000008000500       0x34 Core/Src/freertos.o
                0x0000000008000500                vApplicationGetIdleTaskMemory
 .text.main     0x0000000008000534       0xcc Core/Src/main.o
                0x0000000008000534                main
 .text.SystemClock_Config
                0x0000000008000600      0x104 Core/Src/main.o
                0x0000000008000600                SystemClock_Config
 .text.MX_I2C1_Init
                0x0000000008000704       0x5c Core/Src/main.o
 .text.MX_I2S3_Init
                0x0000000008000760       0x60 Core/Src/main.o
 .text.MX_SPI1_Init
                0x00000000080007c0       0x6c Core/Src/main.o
 .text.MX_USART2_UART_Init
                0x000000000800082c       0x54 Core/Src/main.o
 .text.MX_GPIO_Init
                0x0000000008000880      0x210 Core/Src/main.o
 .text.Foam1    0x0000000008000a90       0xd0 Core/Src/main.o
                0x0000000008000a90                Foam1
 .text.Foam2    0x0000000008000b60       0xd8 Core/Src/main.o
                0x0000000008000b60                Foam2
 .text.Foam3    0x0000000008000c38       0xd0 Core/Src/main.o
                0x0000000008000c38                Foam3
 .text.Foam4    0x0000000008000d08       0xd8 Core/Src/main.o
                0x0000000008000d08                Foam4
 .text.Brushes1
                0x0000000008000de0       0xdc Core/Src/main.o
                0x0000000008000de0                Brushes1
 .text.Brushes2
                0x0000000008000ebc       0xdc Core/Src/main.o
                0x0000000008000ebc                Brushes2
 .text.Brushes3
                0x0000000008000f98       0xdc Core/Src/main.o
                0x0000000008000f98                Brushes3
 .text.Brushes4
                0x0000000008001074       0xe8 Core/Src/main.o
                0x0000000008001074                Brushes4
 .text.Washing1
                0x000000000800115c       0xd8 Core/Src/main.o
                0x000000000800115c                Washing1
 .text.Washing2
                0x0000000008001234       0xdc Core/Src/main.o
                0x0000000008001234                Washing2
 .text.Washing3
                0x0000000008001310       0xd8 Core/Src/main.o
                0x0000000008001310                Washing3
 .text.Washing4
                0x00000000080013e8       0xdc Core/Src/main.o
                0x00000000080013e8                Washing4
 .text.Drying1  0x00000000080014c4       0xac Core/Src/main.o
                0x00000000080014c4                Drying1
 .text.Drying2  0x0000000008001570       0xa8 Core/Src/main.o
                0x0000000008001570                Drying2
 .text.Drying3  0x0000000008001618       0xac Core/Src/main.o
                0x0000000008001618                Drying3
 .text.Drying4  0x00000000080016c4       0xac Core/Src/main.o
                0x00000000080016c4                Drying4
 .text.EXTI0_IRQHandler
                0x0000000008001770       0x54 Core/Src/main.o
                0x0000000008001770                EXTI0_IRQHandler
 .text.StartDefaultTask
                0x00000000080017c4      0x11c Core/Src/main.o
                0x00000000080017c4                StartDefaultTask
 .text.HAL_TIM_PeriodElapsedCallback
                0x00000000080018e0       0x1e Core/Src/main.o
                0x00000000080018e0                HAL_TIM_PeriodElapsedCallback
 .text.Error_Handler
                0x00000000080018fe        0xe Core/Src/main.o
                0x00000000080018fe                Error_Handler
 .text.HAL_MspInit
                0x000000000800190c       0x50 Core/Src/stm32f4xx_hal_msp.o
                0x000000000800190c                HAL_MspInit
 .text.HAL_I2C_MspInit
                0x000000000800195c       0x90 Core/Src/stm32f4xx_hal_msp.o
                0x000000000800195c                HAL_I2C_MspInit
 .text.HAL_I2S_MspInit
                0x00000000080019ec       0xd0 Core/Src/stm32f4xx_hal_msp.o
                0x00000000080019ec                HAL_I2S_MspInit
 .text.HAL_SPI_MspInit
                0x0000000008001abc       0x90 Core/Src/stm32f4xx_hal_msp.o
                0x0000000008001abc                HAL_SPI_MspInit
 .text.HAL_UART_MspInit
                0x0000000008001b4c       0xa0 Core/Src/stm32f4xx_hal_msp.o
                0x0000000008001b4c                HAL_UART_MspInit
 .text.HAL_InitTick
                0x0000000008001bec       0xb4 Core/Src/stm32f4xx_hal_timebase_tim.o
                0x0000000008001bec                HAL_InitTick
 .text.NMI_Handler
                0x0000000008001ca0        0xe Core/Src/stm32f4xx_it.o
                0x0000000008001ca0                NMI_Handler
 .text.HardFault_Handler
                0x0000000008001cae        0x6 Core/Src/stm32f4xx_it.o
                0x0000000008001cae                HardFault_Handler
 .text.MemManage_Handler
                0x0000000008001cb4        0x6 Core/Src/stm32f4xx_it.o
                0x0000000008001cb4                MemManage_Handler
 .text.BusFault_Handler
                0x0000000008001cba        0x6 Core/Src/stm32f4xx_it.o
                0x0000000008001cba                BusFault_Handler
 .text.UsageFault_Handler
                0x0000000008001cc0        0x6 Core/Src/stm32f4xx_it.o
                0x0000000008001cc0                UsageFault_Handler
 .text.DebugMon_Handler
                0x0000000008001cc6        0xe Core/Src/stm32f4xx_it.o
                0x0000000008001cc6                DebugMon_Handler
 .text.TIM2_IRQHandler
                0x0000000008001cd4       0x14 Core/Src/stm32f4xx_it.o
                0x0000000008001cd4                TIM2_IRQHandler
 .text.USART2_IRQHandler
                0x0000000008001ce8       0x14 Core/Src/stm32f4xx_it.o
                0x0000000008001ce8                USART2_IRQHandler
 .text.OTG_FS_IRQHandler
                0x0000000008001cfc       0x14 Core/Src/stm32f4xx_it.o
                0x0000000008001cfc                OTG_FS_IRQHandler
 .text._sbrk    0x0000000008001d10       0x6c Core/Src/sysmem.o
                0x0000000008001d10                _sbrk
 .text.SystemInit
                0x0000000008001d7c       0x2c Core/Src/system_stm32f4xx.o
                0x0000000008001d7c                SystemInit
 .text.Reset_Handler
                0x0000000008001da8       0x50 Core/Startup/startup_stm32f407vgtx.o
                0x0000000008001da8                Reset_Handler
 .text.Default_Handler
                0x0000000008001df8        0x2 Core/Startup/startup_stm32f407vgtx.o
                0x0000000008001df8                RTC_Alarm_IRQHandler
                0x0000000008001df8                HASH_RNG_IRQHandler
                0x0000000008001df8                EXTI2_IRQHandler
                0x0000000008001df8                TIM8_CC_IRQHandler
                0x0000000008001df8                TIM1_CC_IRQHandler
                0x0000000008001df8                DMA2_Stream5_IRQHandler
                0x0000000008001df8                DMA1_Stream5_IRQHandler
                0x0000000008001df8                PVD_IRQHandler
                0x0000000008001df8                SDIO_IRQHandler
                0x0000000008001df8                TAMP_STAMP_IRQHandler
                0x0000000008001df8                CAN2_RX1_IRQHandler
                0x0000000008001df8                EXTI3_IRQHandler
                0x0000000008001df8                TIM8_TRG_COM_TIM14_IRQHandler
                0x0000000008001df8                TIM1_UP_TIM10_IRQHandler
                0x0000000008001df8                TIM8_UP_TIM13_IRQHandler
                0x0000000008001df8                I2C3_ER_IRQHandler
                0x0000000008001df8                I2C2_EV_IRQHandler
                0x0000000008001df8                DMA1_Stream2_IRQHandler
                0x0000000008001df8                CAN1_RX0_IRQHandler
                0x0000000008001df8                FPU_IRQHandler
                0x0000000008001df8                OTG_HS_WKUP_IRQHandler
                0x0000000008001df8                CAN2_SCE_IRQHandler
                0x0000000008001df8                DMA2_Stream2_IRQHandler
                0x0000000008001df8                SPI1_IRQHandler
                0x0000000008001df8                TIM6_DAC_IRQHandler
                0x0000000008001df8                TIM1_BRK_TIM9_IRQHandler
                0x0000000008001df8                DCMI_IRQHandler
                0x0000000008001df8                CAN2_RX0_IRQHandler
                0x0000000008001df8                DMA2_Stream3_IRQHandler
                0x0000000008001df8                USART6_IRQHandler
                0x0000000008001df8                USART3_IRQHandler
                0x0000000008001df8                CAN1_RX1_IRQHandler
                0x0000000008001df8                UART5_IRQHandler
                0x0000000008001df8                DMA2_Stream0_IRQHandler
                0x0000000008001df8                TIM4_IRQHandler
                0x0000000008001df8                I2C1_EV_IRQHandler
                0x0000000008001df8                DMA1_Stream6_IRQHandler
                0x0000000008001df8                DMA1_Stream1_IRQHandler
                0x0000000008001df8                UART4_IRQHandler
                0x0000000008001df8                TIM3_IRQHandler
                0x0000000008001df8                RCC_IRQHandler
                0x0000000008001df8                TIM8_BRK_TIM12_IRQHandler
                0x0000000008001df8                Default_Handler
                0x0000000008001df8                EXTI15_10_IRQHandler
                0x0000000008001df8                ADC_IRQHandler
                0x0000000008001df8                DMA1_Stream7_IRQHandler
                0x0000000008001df8                TIM7_IRQHandler
                0x0000000008001df8                CAN2_TX_IRQHandler
                0x0000000008001df8                TIM5_IRQHandler
                0x0000000008001df8                DMA2_Stream7_IRQHandler
                0x0000000008001df8                I2C3_EV_IRQHandler
                0x0000000008001df8                EXTI9_5_IRQHandler
                0x0000000008001df8                RTC_WKUP_IRQHandler
                0x0000000008001df8                ETH_WKUP_IRQHandler
                0x0000000008001df8                SPI2_IRQHandler
                0x0000000008001df8                OTG_HS_EP1_IN_IRQHandler
                0x0000000008001df8                DMA1_Stream0_IRQHandler
                0x0000000008001df8                CAN1_TX_IRQHandler
                0x0000000008001df8                EXTI4_IRQHandler
                0x0000000008001df8                FSMC_IRQHandler
                0x0000000008001df8                ETH_IRQHandler
                0x0000000008001df8                OTG_HS_EP1_OUT_IRQHandler
                0x0000000008001df8                WWDG_IRQHandler
                0x0000000008001df8                OTG_FS_WKUP_IRQHandler
                0x0000000008001df8                TIM1_TRG_COM_TIM11_IRQHandler
                0x0000000008001df8                OTG_HS_IRQHandler
                0x0000000008001df8                EXTI1_IRQHandler
                0x0000000008001df8                I2C2_ER_IRQHandler
                0x0000000008001df8                DMA2_Stream1_IRQHandler
                0x0000000008001df8                CAN1_SCE_IRQHandler
                0x0000000008001df8                FLASH_IRQHandler
                0x0000000008001df8                DMA2_Stream4_IRQHandler
                0x0000000008001df8                USART1_IRQHandler
                0x0000000008001df8                SPI3_IRQHandler
                0x0000000008001df8                DMA1_Stream4_IRQHandler
                0x0000000008001df8                I2C1_ER_IRQHandler
                0x0000000008001df8                DMA2_Stream6_IRQHandler
                0x0000000008001df8                DMA1_Stream3_IRQHandler
 *fill*         0x0000000008001dfa        0x2 
 .text.HAL_Init
                0x0000000008001dfc       0x44 Drivers/STM32F4xx_HAL_Driver/Src/stm32f4xx_hal.o
                0x0000000008001dfc                HAL_Init
 .text.HAL_IncTick
                0x0000000008001e40       0x28 Drivers/STM32F4xx_HAL_Driver/Src/stm32f4xx_hal.o
                0x0000000008001e40                HAL_IncTick
 .text.HAL_GetTick
                0x0000000008001e68       0x18 Drivers/STM32F4xx_HAL_Driver/Src/stm32f4xx_hal.o
                0x0000000008001e68                HAL_GetTick
 .text.HAL_Delay
                0x0000000008001e80       0x44 Drivers/STM32F4xx_HAL_Driver/Src/stm32f4xx_hal.o
                0x0000000008001e80                HAL_Delay
 .text.__NVIC_SetPriorityGrouping
                0x0000000008001ec4       0x48 Drivers/STM32F4xx_HAL_Driver/Src/stm32f4xx_hal_cortex.o
 .text.__NVIC_GetPriorityGrouping
                0x0000000008001f0c       0x1c Drivers/STM32F4xx_HAL_Driver/Src/stm32f4xx_hal_cortex.o
 .text.__NVIC_EnableIRQ
                0x0000000008001f28       0x3c Drivers/STM32F4xx_HAL_Driver/Src/stm32f4xx_hal_cortex.o
 .text.__NVIC_DisableIRQ
                0x0000000008001f64       0x44 Drivers/STM32F4xx_HAL_Driver/Src/stm32f4xx_hal_cortex.o
 .text.__NVIC_SetPriority
                0x0000000008001fa8       0x54 Drivers/STM32F4xx_HAL_Driver/Src/stm32f4xx_hal_cortex.o
 .text.NVIC_EncodePriority
                0x0000000008001ffc       0x66 Drivers/STM32F4xx_HAL_Driver/Src/stm32f4xx_hal_cortex.o
 .text.HAL_NVIC_SetPriorityGrouping
                0x0000000008002062       0x16 Drivers/STM32F4xx_HAL_Driver/Src/stm32f4xx_hal_cortex.o
                0x0000000008002062                HAL_NVIC_SetPriorityGrouping
 .text.HAL_NVIC_SetPriority
                0x0000000008002078       0x38 Drivers/STM32F4xx_HAL_Driver/Src/stm32f4xx_hal_cortex.o
                0x0000000008002078                HAL_NVIC_SetPriority
 .text.HAL_NVIC_EnableIRQ
                0x00000000080020b0       0x1c Drivers/STM32F4xx_HAL_Driver/Src/stm32f4xx_hal_cortex.o
                0x00000000080020b0                HAL_NVIC_EnableIRQ
 .text.HAL_NVIC_DisableIRQ
                0x00000000080020cc       0x1c Drivers/STM32F4xx_HAL_Driver/Src/stm32f4xx_hal_cortex.o
                0x00000000080020cc                HAL_NVIC_DisableIRQ
 .text.HAL_DMA_Abort_IT
                0x00000000080020e8       0x44 Drivers/STM32F4xx_HAL_Driver/Src/stm32f4xx_hal_dma.o
                0x00000000080020e8                HAL_DMA_Abort_IT
 .text.HAL_GPIO_Init
                0x000000000800212c      0x334 Drivers/STM32F4xx_HAL_Driver/Src/stm32f4xx_hal_gpio.o
                0x000000000800212c                HAL_GPIO_Init
 .text.HAL_GPIO_WritePin
                0x0000000008002460       0x32 Drivers/STM32F4xx_HAL_Driver/Src/stm32f4xx_hal_gpio.o
                0x0000000008002460                HAL_GPIO_WritePin
 *fill*         0x0000000008002492        0x2 
 .text.HAL_GPIO_EXTI_IRQHandler
                0x0000000008002494       0x30 Drivers/STM32F4xx_HAL_Driver/Src/stm32f4xx_hal_gpio.o
                0x0000000008002494                HAL_GPIO_EXTI_IRQHandler
 .text.HAL_GPIO_EXTI_Callback
                0x00000000080024c4       0x16 Drivers/STM32F4xx_HAL_Driver/Src/stm32f4xx_hal_gpio.o
                0x00000000080024c4                HAL_GPIO_EXTI_Callback
 .text.HAL_HCD_Init
                0x00000000080024da       0xc4 Drivers/STM32F4xx_HAL_Driver/Src/stm32f4xx_hal_hcd.o
                0x00000000080024da                HAL_HCD_Init
 .text.HAL_HCD_HC_Init
                0x000000000800259e      0x130 Drivers/STM32F4xx_HAL_Driver/Src/stm32f4xx_hal_hcd.o
                0x000000000800259e                HAL_HCD_HC_Init
 .text.HAL_HCD_HC_Halt
                0x00000000080026ce       0x46 Drivers/STM32F4xx_HAL_Driver/Src/stm32f4xx_hal_hcd.o
                0x00000000080026ce                HAL_HCD_HC_Halt
 .text.HAL_HCD_HC_SubmitRequest
                0x0000000008002714      0x2e4 Drivers/STM32F4xx_HAL_Driver/Src/stm32f4xx_hal_hcd.o
                0x0000000008002714                HAL_HCD_HC_SubmitRequest
 .text.HAL_HCD_IRQHandler
                0x00000000080029f8      0x208 Drivers/STM32F4xx_HAL_Driver/Src/stm32f4xx_hal_hcd.o
                0x00000000080029f8                HAL_HCD_IRQHandler
 .text.HAL_HCD_Start
                0x0000000008002c00       0x46 Drivers/STM32F4xx_HAL_Driver/Src/stm32f4xx_hal_hcd.o
                0x0000000008002c00                HAL_HCD_Start
 .text.HAL_HCD_Stop
                0x0000000008002c46       0x3a Drivers/STM32F4xx_HAL_Driver/Src/stm32f4xx_hal_hcd.o
                0x0000000008002c46                HAL_HCD_Stop
 .text.HAL_HCD_ResetPort
                0x0000000008002c80       0x1c Drivers/STM32F4xx_HAL_Driver/Src/stm32f4xx_hal_hcd.o
                0x0000000008002c80                HAL_HCD_ResetPort
 .text.HAL_HCD_HC_GetURBState
                0x0000000008002c9c       0x2a Drivers/STM32F4xx_HAL_Driver/Src/stm32f4xx_hal_hcd.o
                0x0000000008002c9c                HAL_HCD_HC_GetURBState
 .text.HAL_HCD_HC_GetXferCount
                0x0000000008002cc6       0x2a Drivers/STM32F4xx_HAL_Driver/Src/stm32f4xx_hal_hcd.o
                0x0000000008002cc6                HAL_HCD_HC_GetXferCount
 .text.HAL_HCD_GetCurrentFrame
                0x0000000008002cf0       0x1c Drivers/STM32F4xx_HAL_Driver/Src/stm32f4xx_hal_hcd.o
                0x0000000008002cf0                HAL_HCD_GetCurrentFrame
 .text.HAL_HCD_GetCurrentSpeed
                0x0000000008002d0c       0x1c Drivers/STM32F4xx_HAL_Driver/Src/stm32f4xx_hal_hcd.o
                0x0000000008002d0c                HAL_HCD_GetCurrentSpeed
 .text.HCD_HC_IN_IRQHandler
                0x0000000008002d28      0x86a Drivers/STM32F4xx_HAL_Driver/Src/stm32f4xx_hal_hcd.o
 .text.HCD_HC_OUT_IRQHandler
                0x0000000008003592      0x6ea Drivers/STM32F4xx_HAL_Driver/Src/stm32f4xx_hal_hcd.o
 .text.HCD_RXQLVL_IRQHandler
                0x0000000008003c7c      0x158 Drivers/STM32F4xx_HAL_Driver/Src/stm32f4xx_hal_hcd.o
 .text.HCD_Port_IRQHandler
                0x0000000008003dd4       0xe6 Drivers/STM32F4xx_HAL_Driver/Src/stm32f4xx_hal_hcd.o
 *fill*         0x0000000008003eba        0x2 
 .text.HAL_I2C_Init
                0x0000000008003ebc      0x270 Drivers/STM32F4xx_HAL_Driver/Src/stm32f4xx_hal_i2c.o
                0x0000000008003ebc                HAL_I2C_Init
 .text.HAL_I2S_Init
                0x000000000800412c      0x280 Drivers/STM32F4xx_HAL_Driver/Src/stm32f4xx_hal_i2s.o
                0x000000000800412c                HAL_I2S_Init
 .text.HAL_I2S_TxCpltCallback
                0x00000000080043ac       0x14 Drivers/STM32F4xx_HAL_Driver/Src/stm32f4xx_hal_i2s.o
                0x00000000080043ac                HAL_I2S_TxCpltCallback
 .text.HAL_I2S_RxCpltCallback
                0x00000000080043c0       0x14 Drivers/STM32F4xx_HAL_Driver/Src/stm32f4xx_hal_i2s.o
                0x00000000080043c0                HAL_I2S_RxCpltCallback
 .text.HAL_I2S_ErrorCallback
                0x00000000080043d4       0x14 Drivers/STM32F4xx_HAL_Driver/Src/stm32f4xx_hal_i2s.o
                0x00000000080043d4                HAL_I2S_ErrorCallback
 .text.I2S_Transmit_IT
                0x00000000080043e8       0x5c Drivers/STM32F4xx_HAL_Driver/Src/stm32f4xx_hal_i2s.o
 .text.I2S_Receive_IT
                0x0000000008004444       0x5e Drivers/STM32F4xx_HAL_Driver/Src/stm32f4xx_hal_i2s.o
 .text.I2S_IRQHandler
                0x00000000080044a2      0x114 Drivers/STM32F4xx_HAL_Driver/Src/stm32f4xx_hal_i2s.o
 *fill*         0x00000000080045b6        0x2 
 .text.HAL_I2SEx_FullDuplex_IRQHandler
                0x00000000080045b8      0x2a8 Drivers/STM32F4xx_HAL_Driver/Src/stm32f4xx_hal_i2s_ex.o
                0x00000000080045b8                HAL_I2SEx_FullDuplex_IRQHandler
 .text.HAL_I2SEx_TxRxCpltCallback
                0x0000000008004860       0x14 Drivers/STM32F4xx_HAL_Driver/Src/stm32f4xx_hal_i2s_ex.o
                0x0000000008004860                HAL_I2SEx_TxRxCpltCallback
 .text.I2SEx_TxISR_I2S
                0x0000000008004874       0x62 Drivers/STM32F4xx_HAL_Driver/Src/stm32f4xx_hal_i2s_ex.o
 *fill*         0x00000000080048d6        0x2 
 .text.I2SEx_TxISR_I2SExt
                0x00000000080048d8       0x98 Drivers/STM32F4xx_HAL_Driver/Src/stm32f4xx_hal_i2s_ex.o
 .text.I2SEx_RxISR_I2S
                0x0000000008004970       0x64 Drivers/STM32F4xx_HAL_Driver/Src/stm32f4xx_hal_i2s_ex.o
 .text.I2SEx_RxISR_I2SExt
                0x00000000080049d4       0x98 Drivers/STM32F4xx_HAL_Driver/Src/stm32f4xx_hal_i2s_ex.o
 .text.HAL_RCC_OscConfig
                0x0000000008004a6c      0x4e0 Drivers/STM32F4xx_HAL_Driver/Src/stm32f4xx_hal_rcc.o
                0x0000000008004a6c                HAL_RCC_OscConfig
 .text.HAL_RCC_ClockConfig
                0x0000000008004f4c      0x1cc Drivers/STM32F4xx_HAL_Driver/Src/stm32f4xx_hal_rcc.o
                0x0000000008004f4c                HAL_RCC_ClockConfig
 .text.HAL_RCC_GetSysClockFreq
                0x0000000008005118      0x1b0 Drivers/STM32F4xx_HAL_Driver/Src/stm32f4xx_hal_rcc.o
                0x0000000008005118                HAL_RCC_GetSysClockFreq
 .text.HAL_RCC_GetHCLKFreq
                0x00000000080052c8       0x18 Drivers/STM32F4xx_HAL_Driver/Src/stm32f4xx_hal_rcc.o
                0x00000000080052c8                HAL_RCC_GetHCLKFreq
 .text.HAL_RCC_GetPCLK1Freq
                0x00000000080052e0       0x28 Drivers/STM32F4xx_HAL_Driver/Src/stm32f4xx_hal_rcc.o
                0x00000000080052e0                HAL_RCC_GetPCLK1Freq
 .text.HAL_RCC_GetPCLK2Freq
                0x0000000008005308       0x28 Drivers/STM32F4xx_HAL_Driver/Src/stm32f4xx_hal_rcc.o
                0x0000000008005308                HAL_RCC_GetPCLK2Freq
 .text.HAL_RCC_GetClockConfig
                0x0000000008005330       0x64 Drivers/STM32F4xx_HAL_Driver/Src/stm32f4xx_hal_rcc.o
                0x0000000008005330                HAL_RCC_GetClockConfig
 .text.HAL_RCCEx_PeriphCLKConfig
                0x0000000008005394      0x1c4 Drivers/STM32F4xx_HAL_Driver/Src/stm32f4xx_hal_rcc_ex.o
                0x0000000008005394                HAL_RCCEx_PeriphCLKConfig
 .text.HAL_RCCEx_GetPeriphCLKFreq
                0x0000000008005558       0xb8 Drivers/STM32F4xx_HAL_Driver/Src/stm32f4xx_hal_rcc_ex.o
                0x0000000008005558                HAL_RCCEx_GetPeriphCLKFreq
 .text.HAL_SPI_Init
                0x0000000008005610       0xc8 Drivers/STM32F4xx_HAL_Driver/Src/stm32f4xx_hal_spi.o
                0x0000000008005610                HAL_SPI_Init
 .text.HAL_TIM_Base_Init
                0x00000000080056d8       0x56 Drivers/STM32F4xx_HAL_Driver/Src/stm32f4xx_hal_tim.o
                0x00000000080056d8                HAL_TIM_Base_Init
 .text.HAL_TIM_Base_MspInit
                0x000000000800572e       0x14 Drivers/STM32F4xx_HAL_Driver/Src/stm32f4xx_hal_tim.o
                0x000000000800572e                HAL_TIM_Base_MspInit
 .text.HAL_TIM_Base_Start_IT
                0x0000000008005742       0x48 Drivers/STM32F4xx_HAL_Driver/Src/stm32f4xx_hal_tim.o
                0x0000000008005742                HAL_TIM_Base_Start_IT
 .text.HAL_TIM_IRQHandler
                0x000000000800578a      0x210 Drivers/STM32F4xx_HAL_Driver/Src/stm32f4xx_hal_tim.o
                0x000000000800578a                HAL_TIM_IRQHandler
 .text.HAL_TIM_OC_DelayElapsedCallback
                0x000000000800599a       0x14 Drivers/STM32F4xx_HAL_Driver/Src/stm32f4xx_hal_tim.o
                0x000000000800599a                HAL_TIM_OC_DelayElapsedCallback
 .text.HAL_TIM_IC_CaptureCallback
                0x00000000080059ae       0x14 Drivers/STM32F4xx_HAL_Driver/Src/stm32f4xx_hal_tim.o
                0x00000000080059ae                HAL_TIM_IC_CaptureCallback
 .text.HAL_TIM_PWM_PulseFinishedCallback
                0x00000000080059c2       0x14 Drivers/STM32F4xx_HAL_Driver/Src/stm32f4xx_hal_tim.o
                0x00000000080059c2                HAL_TIM_PWM_PulseFinishedCallback
 .text.HAL_TIM_TriggerCallback
                0x00000000080059d6       0x14 Drivers/STM32F4xx_HAL_Driver/Src/stm32f4xx_hal_tim.o
                0x00000000080059d6                HAL_TIM_TriggerCallback
 *fill*         0x00000000080059ea        0x2 
 .text.TIM_Base_SetConfig
                0x00000000080059ec      0x140 Drivers/STM32F4xx_HAL_Driver/Src/stm32f4xx_hal_tim.o
                0x00000000080059ec                TIM_Base_SetConfig
 .text.HAL_TIMEx_CommutCallback
                0x0000000008005b2c       0x14 Drivers/STM32F4xx_HAL_Driver/Src/stm32f4xx_hal_tim_ex.o
                0x0000000008005b2c                HAL_TIMEx_CommutCallback
 .text.HAL_TIMEx_BreakCallback
                0x0000000008005b40       0x14 Drivers/STM32F4xx_HAL_Driver/Src/stm32f4xx_hal_tim_ex.o
                0x0000000008005b40                HAL_TIMEx_BreakCallback
 .text.HAL_UART_Init
                0x0000000008005b54       0x9a Drivers/STM32F4xx_HAL_Driver/Src/stm32f4xx_hal_uart.o
                0x0000000008005b54                HAL_UART_Init
 .text.HAL_UART_Transmit
                0x0000000008005bee      0x132 Drivers/STM32F4xx_HAL_Driver/Src/stm32f4xx_hal_uart.o
                0x0000000008005bee                HAL_UART_Transmit
 .text.HAL_UART_IRQHandler
                0x0000000008005d20      0x200 Drivers/STM32F4xx_HAL_Driver/Src/stm32f4xx_hal_uart.o
                0x0000000008005d20                HAL_UART_IRQHandler
 .text.HAL_UART_TxCpltCallback
                0x0000000008005f20       0x14 Drivers/STM32F4xx_HAL_Driver/Src/stm32f4xx_hal_uart.o
                0x0000000008005f20                HAL_UART_TxCpltCallback
 .text.HAL_UART_RxCpltCallback
                0x0000000008005f34       0x14 Drivers/STM32F4xx_HAL_Driver/Src/stm32f4xx_hal_uart.o
                0x0000000008005f34                HAL_UART_RxCpltCallback
 .text.HAL_UART_ErrorCallback
                0x0000000008005f48       0x14 Drivers/STM32F4xx_HAL_Driver/Src/stm32f4xx_hal_uart.o
                0x0000000008005f48                HAL_UART_ErrorCallback
 .text.UART_WaitOnFlagUntilTimeout
                0x0000000008005f5c       0x94 Drivers/STM32F4xx_HAL_Driver/Src/stm32f4xx_hal_uart.o
 .text.UART_EndRxTransfer
                0x0000000008005ff0       0x3c Drivers/STM32F4xx_HAL_Driver/Src/stm32f4xx_hal_uart.o
 .text.UART_DMAAbortOnError
                0x000000000800602c       0x28 Drivers/STM32F4xx_HAL_Driver/Src/stm32f4xx_hal_uart.o
 .text.UART_Transmit_IT
                0x0000000008006054       0xac Drivers/STM32F4xx_HAL_Driver/Src/stm32f4xx_hal_uart.o
 .text.UART_EndTransmit_IT
                0x0000000008006100       0x30 Drivers/STM32F4xx_HAL_Driver/Src/stm32f4xx_hal_uart.o
 .text.UART_Receive_IT
                0x0000000008006130      0x102 Drivers/STM32F4xx_HAL_Driver/Src/stm32f4xx_hal_uart.o
 *fill*         0x0000000008006232        0x2 
 .text.UART_SetConfig
                0x0000000008006234      0x6f8 Drivers/STM32F4xx_HAL_Driver/Src/stm32f4xx_hal_uart.o
 .text.USB_CoreInit
                0x000000000800692c       0xc2 Drivers/STM32F4xx_HAL_Driver/Src/stm32f4xx_ll_usb.o
                0x000000000800692c                USB_CoreInit
 .text.USB_EnableGlobalInt
                0x00000000080069ee       0x22 Drivers/STM32F4xx_HAL_Driver/Src/stm32f4xx_ll_usb.o
                0x00000000080069ee                USB_EnableGlobalInt
 .text.USB_DisableGlobalInt
                0x0000000008006a10       0x22 Drivers/STM32F4xx_HAL_Driver/Src/stm32f4xx_ll_usb.o
                0x0000000008006a10                USB_DisableGlobalInt
 .text.USB_SetCurrentMode
                0x0000000008006a32       0x54 Drivers/STM32F4xx_HAL_Driver/Src/stm32f4xx_ll_usb.o
                0x0000000008006a32                USB_SetCurrentMode
 *fill*         0x0000000008006a86        0x2 
 .text.USB_FlushTxFifo
                0x0000000008006a88       0x4c Drivers/STM32F4xx_HAL_Driver/Src/stm32f4xx_ll_usb.o
                0x0000000008006a88                USB_FlushTxFifo
 .text.USB_FlushRxFifo
                0x0000000008006ad4       0x44 Drivers/STM32F4xx_HAL_Driver/Src/stm32f4xx_ll_usb.o
                0x0000000008006ad4                USB_FlushRxFifo
 .text.USB_WritePacket
                0x0000000008006b18       0x6a Drivers/STM32F4xx_HAL_Driver/Src/stm32f4xx_ll_usb.o
                0x0000000008006b18                USB_WritePacket
 .text.USB_ReadPacket
                0x0000000008006b82       0x52 Drivers/STM32F4xx_HAL_Driver/Src/stm32f4xx_ll_usb.o
                0x0000000008006b82                USB_ReadPacket
 .text.USB_ReadInterrupts
                0x0000000008006bd4       0x26 Drivers/STM32F4xx_HAL_Driver/Src/stm32f4xx_ll_usb.o
                0x0000000008006bd4                USB_ReadInterrupts
 .text.USB_GetMode
                0x0000000008006bfa       0x1c Drivers/STM32F4xx_HAL_Driver/Src/stm32f4xx_ll_usb.o
                0x0000000008006bfa                USB_GetMode
 *fill*         0x0000000008006c16        0x2 
 .text.USB_CoreReset
                0x0000000008006c18       0x68 Drivers/STM32F4xx_HAL_Driver/Src/stm32f4xx_ll_usb.o
 .text.USB_HostInit
                0x0000000008006c80      0x178 Drivers/STM32F4xx_HAL_Driver/Src/stm32f4xx_ll_usb.o
                0x0000000008006c80                USB_HostInit
 .text.USB_InitFSLSPClkSel
                0x0000000008006df8       0x74 Drivers/STM32F4xx_HAL_Driver/Src/stm32f4xx_ll_usb.o
                0x0000000008006df8                USB_InitFSLSPClkSel
 .text.USB_ResetPort
                0x0000000008006e6c       0x54 Drivers/STM32F4xx_HAL_Driver/Src/stm32f4xx_ll_usb.o
                0x0000000008006e6c                USB_ResetPort
 .text.USB_DriveVbus
                0x0000000008006ec0       0x72 Drivers/STM32F4xx_HAL_Driver/Src/stm32f4xx_ll_usb.o
                0x0000000008006ec0                USB_DriveVbus
 .text.USB_GetHostSpeed
                0x0000000008006f32       0x2e Drivers/STM32F4xx_HAL_Driver/Src/stm32f4xx_ll_usb.o
                0x0000000008006f32                USB_GetHostSpeed
 .text.USB_GetCurrentFrame
                0x0000000008006f60       0x22 Drivers/STM32F4xx_HAL_Driver/Src/stm32f4xx_ll_usb.o
                0x0000000008006f60                USB_GetCurrentFrame
 *fill*         0x0000000008006f82        0x2 
 .text.USB_HC_Init
                0x0000000008006f84      0x214 Drivers/STM32F4xx_HAL_Driver/Src/stm32f4xx_ll_usb.o
                0x0000000008006f84                USB_HC_Init
 .text.USB_HC_StartXfer
                0x0000000008007198      0x28c Drivers/STM32F4xx_HAL_Driver/Src/stm32f4xx_ll_usb.o
                0x0000000008007198                USB_HC_StartXfer
 .text.USB_HC_ReadInterrupt
                0x0000000008007424       0x22 Drivers/STM32F4xx_HAL_Driver/Src/stm32f4xx_ll_usb.o
                0x0000000008007424                USB_HC_ReadInterrupt
 .text.USB_HC_Halt
                0x0000000008007446      0x1fe Drivers/STM32F4xx_HAL_Driver/Src/stm32f4xx_ll_usb.o
                0x0000000008007446                USB_HC_Halt
 .text.USB_DoPing
                0x0000000008007644       0x78 Drivers/STM32F4xx_HAL_Driver/Src/stm32f4xx_ll_usb.o
                0x0000000008007644                USB_DoPing
 .text.USB_StopHost
                0x00000000080076bc      0x10c Drivers/STM32F4xx_HAL_Driver/Src/stm32f4xx_ll_usb.o
                0x00000000080076bc                USB_StopHost
 .text.USBH_CDC_InterfaceInit
                0x00000000080077c8      0x2ac Middlewares/ST/STM32_USB_Host_Library/Class/CDC/Src/usbh_cdc.o
 .text.USBH_CDC_InterfaceDeInit
                0x0000000008007a74       0xb2 Middlewares/ST/STM32_USB_Host_Library/Class/CDC/Src/usbh_cdc.o
 .text.USBH_CDC_ClassRequest
                0x0000000008007b26       0x3e Middlewares/ST/STM32_USB_Host_Library/Class/CDC/Src/usbh_cdc.o
 .text.USBH_CDC_Process
                0x0000000008007b64      0x12c Middlewares/ST/STM32_USB_Host_Library/Class/CDC/Src/usbh_cdc.o
 .text.USBH_CDC_SOFProcess
                0x0000000008007c90       0x16 Middlewares/ST/STM32_USB_Host_Library/Class/CDC/Src/usbh_cdc.o
 .text.GetLineCoding
                0x0000000008007ca6       0x3e Middlewares/ST/STM32_USB_Host_Library/Class/CDC/Src/usbh_cdc.o
 .text.SetLineCoding
                0x0000000008007ce4       0x3e Middlewares/ST/STM32_USB_Host_Library/Class/CDC/Src/usbh_cdc.o
 .text.CDC_ProcessTransmission
                0x0000000008007d22      0x128 Middlewares/ST/STM32_USB_Host_Library/Class/CDC/Src/usbh_cdc.o
 .text.CDC_ProcessReception
                0x0000000008007e4a       0xd2 Middlewares/ST/STM32_USB_Host_Library/Class/CDC/Src/usbh_cdc.o
 .text.USBH_CDC_TransmitCallback
                0x0000000008007f1c       0x14 Middlewares/ST/STM32_USB_Host_Library/Class/CDC/Src/usbh_cdc.o
                0x0000000008007f1c                USBH_CDC_TransmitCallback
 .text.USBH_CDC_ReceiveCallback
                0x0000000008007f30       0x14 Middlewares/ST/STM32_USB_Host_Library/Class/CDC/Src/usbh_cdc.o
                0x0000000008007f30                USBH_CDC_ReceiveCallback
 .text.USBH_CDC_LineCodingChanged
                0x0000000008007f44       0x14 Middlewares/ST/STM32_USB_Host_Library/Class/CDC/Src/usbh_cdc.o
                0x0000000008007f44                USBH_CDC_LineCodingChanged
 .text.USBH_Init
                0x0000000008007f58       0xc4 Middlewares/ST/STM32_USB_Host_Library/Core/Src/usbh_core.o
                0x0000000008007f58                USBH_Init
 .text.DeInitStateMachine
                0x000000000800801c       0xa8 Middlewares/ST/STM32_USB_Host_Library/Core/Src/usbh_core.o
 .text.USBH_RegisterClass
                0x00000000080080c4       0x54 Middlewares/ST/STM32_USB_Host_Library/Core/Src/usbh_core.o
                0x00000000080080c4                USBH_RegisterClass
 .text.USBH_SelectInterface
                0x0000000008008118       0x38 Middlewares/ST/STM32_USB_Host_Library/Core/Src/usbh_core.o
                0x0000000008008118                USBH_SelectInterface
 .text.USBH_FindInterface
                0x0000000008008150       0x8c Middlewares/ST/STM32_USB_Host_Library/Core/Src/usbh_core.o
                0x0000000008008150                USBH_FindInterface
 .text.USBH_Start
                0x00000000080081dc       0x20 Middlewares/ST/STM32_USB_Host_Library/Core/Src/usbh_core.o
                0x00000000080081dc                USBH_Start
 .text.USBH_Process
                0x00000000080081fc      0x4c4 Middlewares/ST/STM32_USB_Host_Library/Core/Src/usbh_core.o
                0x00000000080081fc                USBH_Process
 .text.USBH_HandleEnum
                0x00000000080086c0      0x458 Middlewares/ST/STM32_USB_Host_Library/Core/Src/usbh_core.o
 .text.USBH_LL_SetTimer
                0x0000000008008b18       0x1e Middlewares/ST/STM32_USB_Host_Library/Core/Src/usbh_core.o
                0x0000000008008b18                USBH_LL_SetTimer
 .text.USBH_LL_IncTimer
                0x0000000008008b36       0x24 Middlewares/ST/STM32_USB_Host_Library/Core/Src/usbh_core.o
                0x0000000008008b36                USBH_LL_IncTimer
 .text.USBH_HandleSof
                0x0000000008008b5a       0x30 Middlewares/ST/STM32_USB_Host_Library/Core/Src/usbh_core.o
 .text.USBH_LL_PortEnabled
                0x0000000008008b8a       0x34 Middlewares/ST/STM32_USB_Host_Library/Core/Src/usbh_core.o
                0x0000000008008b8a                USBH_LL_PortEnabled
 .text.USBH_LL_PortDisabled
                0x0000000008008bbe       0x1c Middlewares/ST/STM32_USB_Host_Library/Core/Src/usbh_core.o
                0x0000000008008bbe                USBH_LL_PortDisabled
 .text.USBH_LL_Connect
                0x0000000008008bda       0x46 Middlewares/ST/STM32_USB_Host_Library/Core/Src/usbh_core.o
                0x0000000008008bda                USBH_LL_Connect
 .text.USBH_LL_Disconnect
                0x0000000008008c20       0x64 Middlewares/ST/STM32_USB_Host_Library/Core/Src/usbh_core.o
                0x0000000008008c20                USBH_LL_Disconnect
 .text.USBH_Process_OS
                0x0000000008008c84       0x2a Middlewares/ST/STM32_USB_Host_Library/Core/Src/usbh_core.o
 .text.USBH_LL_NotifyURBChange
                0x0000000008008cae       0x2e Middlewares/ST/STM32_USB_Host_Library/Core/Src/usbh_core.o
                0x0000000008008cae                USBH_LL_NotifyURBChange
 .text.USBH_Get_DevDesc
                0x0000000008008cdc       0x50 Middlewares/ST/STM32_USB_Host_Library/Core/Src/usbh_ctlreq.o
                0x0000000008008cdc                USBH_Get_DevDesc
 .text.USBH_Get_CfgDesc
                0x0000000008008d2c       0x48 Middlewares/ST/STM32_USB_Host_Library/Core/Src/usbh_ctlreq.o
                0x0000000008008d2c                USBH_Get_CfgDesc
 .text.USBH_Get_StringDesc
                0x0000000008008d74       0x56 Middlewares/ST/STM32_USB_Host_Library/Core/Src/usbh_ctlreq.o
                0x0000000008008d74                USBH_Get_StringDesc
 .text.USBH_GetDescriptor
                0x0000000008008dca       0x6a Middlewares/ST/STM32_USB_Host_Library/Core/Src/usbh_ctlreq.o
                0x0000000008008dca                USBH_GetDescriptor
 .text.USBH_SetAddress
                0x0000000008008e34       0x48 Middlewares/ST/STM32_USB_Host_Library/Core/Src/usbh_ctlreq.o
                0x0000000008008e34                USBH_SetAddress
 .text.USBH_SetCfg
                0x0000000008008e7c       0x46 Middlewares/ST/STM32_USB_Host_Library/Core/Src/usbh_ctlreq.o
                0x0000000008008e7c                USBH_SetCfg
 .text.USBH_SetFeature
                0x0000000008008ec2       0x48 Middlewares/ST/STM32_USB_Host_Library/Core/Src/usbh_ctlreq.o
                0x0000000008008ec2                USBH_SetFeature
 .text.USBH_ClrFeature
                0x0000000008008f0a       0x48 Middlewares/ST/STM32_USB_Host_Library/Core/Src/usbh_ctlreq.o
                0x0000000008008f0a                USBH_ClrFeature
 .text.USBH_ParseDevDesc
                0x0000000008008f52       0xe0 Middlewares/ST/STM32_USB_Host_Library/Core/Src/usbh_ctlreq.o
 .text.USBH_ParseCfgDesc
                0x0000000008009032      0x144 Middlewares/ST/STM32_USB_Host_Library/Core/Src/usbh_ctlreq.o
 .text.USBH_ParseInterfaceDesc
                0x0000000008009176       0x5e Middlewares/ST/STM32_USB_Host_Library/Core/Src/usbh_ctlreq.o
 .text.USBH_ParseEPDesc
                0x00000000080091d4       0x5a Middlewares/ST/STM32_USB_Host_Library/Core/Src/usbh_ctlreq.o
 .text.USBH_ParseStringDesc
                0x000000000800922e       0x66 Middlewares/ST/STM32_USB_Host_Library/Core/Src/usbh_ctlreq.o
 .text.USBH_GetNextDesc
                0x0000000008009294       0x36 Middlewares/ST/STM32_USB_Host_Library/Core/Src/usbh_ctlreq.o
                0x0000000008009294                USBH_GetNextDesc
 .text.USBH_CtlReq
                0x00000000080092ca       0xb2 Middlewares/ST/STM32_USB_Host_Library/Core/Src/usbh_ctlreq.o
                0x00000000080092ca                USBH_CtlReq
 .text.USBH_HandleControl
                0x000000000800937c      0x494 Middlewares/ST/STM32_USB_Host_Library/Core/Src/usbh_ctlreq.o
 .text.USBH_CtlSendSetup
                0x0000000008009810       0x34 Middlewares/ST/STM32_USB_Host_Library/Core/Src/usbh_ioreq.o
                0x0000000008009810                USBH_CtlSendSetup
 .text.USBH_CtlSendData
                0x0000000008009844       0x4a Middlewares/ST/STM32_USB_Host_Library/Core/Src/usbh_ioreq.o
                0x0000000008009844                USBH_CtlSendData
 .text.USBH_CtlReceiveData
                0x000000000800988e       0x3c Middlewares/ST/STM32_USB_Host_Library/Core/Src/usbh_ioreq.o
                0x000000000800988e                USBH_CtlReceiveData
 .text.USBH_BulkSendData
                0x00000000080098ca       0x4a Middlewares/ST/STM32_USB_Host_Library/Core/Src/usbh_ioreq.o
                0x00000000080098ca                USBH_BulkSendData
 .text.USBH_BulkReceiveData
                0x0000000008009914       0x3c Middlewares/ST/STM32_USB_Host_Library/Core/Src/usbh_ioreq.o
                0x0000000008009914                USBH_BulkReceiveData
 .text.USBH_OpenPipe
                0x0000000008009950       0x3e Middlewares/ST/STM32_USB_Host_Library/Core/Src/usbh_pipes.o
                0x0000000008009950                USBH_OpenPipe
 .text.USBH_ClosePipe
                0x000000000800998e       0x20 Middlewares/ST/STM32_USB_Host_Library/Core/Src/usbh_pipes.o
                0x000000000800998e                USBH_ClosePipe
 .text.USBH_AllocPipe
                0x00000000080099ae       0x42 Middlewares/ST/STM32_USB_Host_Library/Core/Src/usbh_pipes.o
                0x00000000080099ae                USBH_AllocPipe
 .text.USBH_FreePipe
                0x00000000080099f0       0x3c Middlewares/ST/STM32_USB_Host_Library/Core/Src/usbh_pipes.o
                0x00000000080099f0                USBH_FreePipe
 .text.USBH_GetFreePipe
                0x0000000008009a2c       0x48 Middlewares/ST/STM32_USB_Host_Library/Core/Src/usbh_pipes.o
 .text.makeFreeRtosPriority
                0x0000000008009a74       0x30 Middlewares/Third_Party/FreeRTOS/Source/CMSIS_RTOS/cmsis_os.o
 .text.inHandlerMode
                0x0000000008009aa4       0x24 Middlewares/Third_Party/FreeRTOS/Source/CMSIS_RTOS/cmsis_os.o
 .text.osKernelStart
                0x0000000008009ac8        0xe Middlewares/Third_Party/FreeRTOS/Source/CMSIS_RTOS/cmsis_os.o
                0x0000000008009ac8                osKernelStart
 .text.osKernelSysTick
                0x0000000008009ad6       0x20 Middlewares/Third_Party/FreeRTOS/Source/CMSIS_RTOS/cmsis_os.o
                0x0000000008009ad6                osKernelSysTick
 .text.osThreadCreate
                0x0000000008009af6       0x98 Middlewares/Third_Party/FreeRTOS/Source/CMSIS_RTOS/cmsis_os.o
                0x0000000008009af6                osThreadCreate
 .text.osThreadTerminate
                0x0000000008009b8e       0x18 Middlewares/Third_Party/FreeRTOS/Source/CMSIS_RTOS/cmsis_os.o
                0x0000000008009b8e                osThreadTerminate
 .text.osDelay  0x0000000008009ba6       0x28 Middlewares/Third_Party/FreeRTOS/Source/CMSIS_RTOS/cmsis_os.o
                0x0000000008009ba6                osDelay
 .text.osSemaphoreCreate
                0x0000000008009bce       0x66 Middlewares/Third_Party/FreeRTOS/Source/CMSIS_RTOS/cmsis_os.o
                0x0000000008009bce                osSemaphoreCreate
 .text.osSemaphoreRelease
                0x0000000008009c34       0x6c Middlewares/Third_Party/FreeRTOS/Source/CMSIS_RTOS/cmsis_os.o
                0x0000000008009c34                osSemaphoreRelease
 .text.osMessageCreate
                0x0000000008009ca0       0x52 Middlewares/Third_Party/FreeRTOS/Source/CMSIS_RTOS/cmsis_os.o
                0x0000000008009ca0                osMessageCreate
 *fill*         0x0000000008009cf2        0x2 
 .text.osMessagePut
                0x0000000008009cf4       0x80 Middlewares/Third_Party/FreeRTOS/Source/CMSIS_RTOS/cmsis_os.o
                0x0000000008009cf4                osMessagePut
 .text.osMessageGet
                0x0000000008009d74       0xe8 Middlewares/Third_Party/FreeRTOS/Source/CMSIS_RTOS/cmsis_os.o
                0x0000000008009d74                osMessageGet
 .text.osDelayUntil
                0x0000000008009e5c       0x2c Middlewares/Third_Party/FreeRTOS/Source/CMSIS_RTOS/cmsis_os.o
                0x0000000008009e5c                osDelayUntil
 .text.vListInitialise
                0x0000000008009e88       0x40 Middlewares/Third_Party/FreeRTOS/Source/list.o
                0x0000000008009e88                vListInitialise
 .text.vListInitialiseItem
                0x0000000008009ec8       0x1a Middlewares/Third_Party/FreeRTOS/Source/list.o
                0x0000000008009ec8                vListInitialiseItem
 .text.vListInsertEnd
                0x0000000008009ee2       0x48 Middlewares/Third_Party/FreeRTOS/Source/list.o
                0x0000000008009ee2                vListInsertEnd
 .text.vListInsert
                0x0000000008009f2a       0x72 Middlewares/Third_Party/FreeRTOS/Source/list.o
                0x0000000008009f2a                vListInsert
 .text.uxListRemove
                0x0000000008009f9c       0x54 Middlewares/Third_Party/FreeRTOS/Source/list.o
                0x0000000008009f9c                uxListRemove
 .text.xQueueGenericReset
                0x0000000008009ff0       0xd0 Middlewares/Third_Party/FreeRTOS/Source/queue.o
                0x0000000008009ff0                xQueueGenericReset
 .text.xQueueGenericCreateStatic
                0x000000000800a0c0       0xe6 Middlewares/Third_Party/FreeRTOS/Source/queue.o
                0x000000000800a0c0                xQueueGenericCreateStatic
 .text.xQueueGenericCreate
                0x000000000800a1a6       0x7e Middlewares/Third_Party/FreeRTOS/Source/queue.o
                0x000000000800a1a6                xQueueGenericCreate
 .text.prvInitialiseNewQueue
                0x000000000800a224       0x46 Middlewares/Third_Party/FreeRTOS/Source/queue.o
 .text.prvInitialiseMutex
                0x000000000800a26a       0x34 Middlewares/Third_Party/FreeRTOS/Source/queue.o
 .text.xQueueCreateMutex
                0x000000000800a29e       0x30 Middlewares/Third_Party/FreeRTOS/Source/queue.o
                0x000000000800a29e                xQueueCreateMutex
 *fill*         0x000000000800a2ce        0x2 
 .text.xQueueGenericSend
                0x000000000800a2d0      0x1f4 Middlewares/Third_Party/FreeRTOS/Source/queue.o
                0x000000000800a2d0                xQueueGenericSend
 .text.xQueueGenericSendFromISR
                0x000000000800a4c4      0x128 Middlewares/Third_Party/FreeRTOS/Source/queue.o
                0x000000000800a4c4                xQueueGenericSendFromISR
 .text.xQueueGiveFromISR
                0x000000000800a5ec      0x112 Middlewares/Third_Party/FreeRTOS/Source/queue.o
                0x000000000800a5ec                xQueueGiveFromISR
 *fill*         0x000000000800a6fe        0x2 
 .text.xQueueReceive
                0x000000000800a700      0x1b8 Middlewares/Third_Party/FreeRTOS/Source/queue.o
                0x000000000800a700                xQueueReceive
 .text.xQueueSemaphoreTake
                0x000000000800a8b8      0x210 Middlewares/Third_Party/FreeRTOS/Source/queue.o
                0x000000000800a8b8                xQueueSemaphoreTake
 .text.xQueueReceiveFromISR
                0x000000000800aac8       0xfa Middlewares/Third_Party/FreeRTOS/Source/queue.o
                0x000000000800aac8                xQueueReceiveFromISR
 .text.prvGetDisinheritPriorityAfterTimeout
                0x000000000800abc2       0x30 Middlewares/Third_Party/FreeRTOS/Source/queue.o
 .text.prvCopyDataToQueue
                0x000000000800abf2       0xd4 Middlewares/Third_Party/FreeRTOS/Source/queue.o
 .text.prvCopyDataFromQueue
                0x000000000800acc6       0x4c Middlewares/Third_Party/FreeRTOS/Source/queue.o
 .text.prvUnlockQueue
                0x000000000800ad12       0xa4 Middlewares/Third_Party/FreeRTOS/Source/queue.o
 .text.prvIsQueueEmpty
                0x000000000800adb6       0x2c Middlewares/Third_Party/FreeRTOS/Source/queue.o
 .text.prvIsQueueFull
                0x000000000800ade2       0x30 Middlewares/Third_Party/FreeRTOS/Source/queue.o
 .text.xTaskCreateStatic
                0x000000000800ae12       0xb4 Middlewares/Third_Party/FreeRTOS/Source/tasks.o
                0x000000000800ae12                xTaskCreateStatic
 .text.xTaskCreate
                0x000000000800aec6       0x8a Middlewares/Third_Party/FreeRTOS/Source/tasks.o
                0x000000000800aec6                xTaskCreate
 .text.prvInitialiseNewTask
                0x000000000800af50      0x122 Middlewares/Third_Party/FreeRTOS/Source/tasks.o
 *fill*         0x000000000800b072        0x2 
 .text.prvAddNewTaskToReadyList
                0x000000000800b074       0xdc Middlewares/Third_Party/FreeRTOS/Source/tasks.o
 .text.vTaskDelete
                0x000000000800b150      0x11c Middlewares/Third_Party/FreeRTOS/Source/tasks.o
                0x000000000800b150                vTaskDelete
 .text.vTaskDelayUntil
                0x000000000800b26c       0xf4 Middlewares/Third_Party/FreeRTOS/Source/tasks.o
                0x000000000800b26c                vTaskDelayUntil
 .text.vTaskDelay
                0x000000000800b360       0x68 Middlewares/Third_Party/FreeRTOS/Source/tasks.o
                0x000000000800b360                vTaskDelay
 .text.vTaskStartScheduler
                0x000000000800b3c8       0xc0 Middlewares/Third_Party/FreeRTOS/Source/tasks.o
                0x000000000800b3c8                vTaskStartScheduler
 .text.vTaskSuspendAll
                0x000000000800b488       0x1c Middlewares/Third_Party/FreeRTOS/Source/tasks.o
                0x000000000800b488                vTaskSuspendAll
 .text.xTaskResumeAll
                0x000000000800b4a4      0x138 Middlewares/Third_Party/FreeRTOS/Source/tasks.o
                0x000000000800b4a4                xTaskResumeAll
 .text.xTaskGetTickCount
                0x000000000800b5dc       0x20 Middlewares/Third_Party/FreeRTOS/Source/tasks.o
                0x000000000800b5dc                xTaskGetTickCount
 .text.xTaskGetTickCountFromISR
                0x000000000800b5fc       0x24 Middlewares/Third_Party/FreeRTOS/Source/tasks.o
                0x000000000800b5fc                xTaskGetTickCountFromISR
 .text.xTaskIncrementTick
                0x000000000800b620      0x170 Middlewares/Third_Party/FreeRTOS/Source/tasks.o
                0x000000000800b620                xTaskIncrementTick
 .text.vTaskSwitchContext
                0x000000000800b790       0xec Middlewares/Third_Party/FreeRTOS/Source/tasks.o
                0x000000000800b790                vTaskSwitchContext
 .text.vTaskPlaceOnEventList
                0x000000000800b87c       0x48 Middlewares/Third_Party/FreeRTOS/Source/tasks.o
                0x000000000800b87c                vTaskPlaceOnEventList
 .text.xTaskRemoveFromEventList
                0x000000000800b8c4       0xc4 Middlewares/Third_Party/FreeRTOS/Source/tasks.o
                0x000000000800b8c4                xTaskRemoveFromEventList
 .text.vTaskInternalSetTimeOutState
                0x000000000800b988       0x2c Middlewares/Third_Party/FreeRTOS/Source/tasks.o
                0x000000000800b988                vTaskInternalSetTimeOutState
 .text.xTaskCheckForTimeOut
                0x000000000800b9b4       0xc0 Middlewares/Third_Party/FreeRTOS/Source/tasks.o
                0x000000000800b9b4                xTaskCheckForTimeOut
 .text.vTaskMissedYield
                0x000000000800ba74       0x18 Middlewares/Third_Party/FreeRTOS/Source/tasks.o
                0x000000000800ba74                vTaskMissedYield
 .text.prvIdleTask
                0x000000000800ba8c       0x30 Middlewares/Third_Party/FreeRTOS/Source/tasks.o
 .text.prvInitialiseTaskLists
                0x000000000800babc       0x80 Middlewares/Third_Party/FreeRTOS/Source/tasks.o
 .text.prvCheckTasksWaitingTermination
                0x000000000800bb3c       0x58 Middlewares/Third_Party/FreeRTOS/Source/tasks.o
 .text.prvDeleteTCB
                0x000000000800bb94       0x5c Middlewares/Third_Party/FreeRTOS/Source/tasks.o
 .text.prvResetNextTaskUnblockTime
                0x000000000800bbf0       0x40 Middlewares/Third_Party/FreeRTOS/Source/tasks.o
 .text.xTaskGetSchedulerState
                0x000000000800bc30       0x3c Middlewares/Third_Party/FreeRTOS/Source/tasks.o
                0x000000000800bc30                xTaskGetSchedulerState
 .text.xTaskPriorityInherit
                0x000000000800bc6c      0x100 Middlewares/Third_Party/FreeRTOS/Source/tasks.o
                0x000000000800bc6c                xTaskPriorityInherit
 .text.xTaskPriorityDisinherit
                0x000000000800bd6c      0x108 Middlewares/Third_Party/FreeRTOS/Source/tasks.o
                0x000000000800bd6c                xTaskPriorityDisinherit
 .text.vTaskPriorityDisinheritAfterTimeout
                0x000000000800be74      0x130 Middlewares/Third_Party/FreeRTOS/Source/tasks.o
                0x000000000800be74                vTaskPriorityDisinheritAfterTimeout
 .text.pvTaskIncrementMutexHeldCount
                0x000000000800bfa4       0x28 Middlewares/Third_Party/FreeRTOS/Source/tasks.o
                0x000000000800bfa4                pvTaskIncrementMutexHeldCount
 .text.prvAddCurrentTaskToDelayedList
                0x000000000800bfcc       0xcc Middlewares/Third_Party/FreeRTOS/Source/tasks.o
 .text.pxPortInitialiseStack
                0x000000000800c098       0x68 Middlewares/Third_Party/FreeRTOS/Source/portable/GCC/ARM_CM4F/port.o
                0x000000000800c098                pxPortInitialiseStack
 .text.prvTaskExitError
                0x000000000800c100       0x54 Middlewares/Third_Party/FreeRTOS/Source/portable/GCC/ARM_CM4F/port.o
 *fill*         0x000000000800c154        0xc 
 .text.SVC_Handler
                0x000000000800c160       0x28 Middlewares/Third_Party/FreeRTOS/Source/portable/GCC/ARM_CM4F/port.o
                0x000000000800c160                SVC_Handler
 .text.prvPortStartFirstTask
                0x000000000800c188       0x28 Middlewares/Third_Party/FreeRTOS/Source/portable/GCC/ARM_CM4F/port.o
 .text.xPortStartScheduler
                0x000000000800c1b0      0x13c Middlewares/Third_Party/FreeRTOS/Source/portable/GCC/ARM_CM4F/port.o
                0x000000000800c1b0                xPortStartScheduler
 .text.vPortEnterCritical
                0x000000000800c2ec       0x5c Middlewares/Third_Party/FreeRTOS/Source/portable/GCC/ARM_CM4F/port.o
                0x000000000800c2ec                vPortEnterCritical
 .text.vPortExitCritical
                0x000000000800c348       0x50 Middlewares/Third_Party/FreeRTOS/Source/portable/GCC/ARM_CM4F/port.o
                0x000000000800c348                vPortExitCritical
 *fill*         0x000000000800c398        0x8 
 .text.PendSV_Handler
                0x000000000800c3a0       0x68 Middlewares/Third_Party/FreeRTOS/Source/portable/GCC/ARM_CM4F/port.o
                0x000000000800c3a0                PendSV_Handler
 .text.SysTick_Handler
                0x000000000800c408       0x40 Middlewares/Third_Party/FreeRTOS/Source/portable/GCC/ARM_CM4F/port.o
                0x000000000800c408                SysTick_Handler
 .text.vPortSetupTimerInterrupt
                0x000000000800c448       0x48 Middlewares/Third_Party/FreeRTOS/Source/portable/GCC/ARM_CM4F/port.o
                0x000000000800c448                vPortSetupTimerInterrupt
 .text.vPortEnableVFP
                0x000000000800c490       0x14 Middlewares/Third_Party/FreeRTOS/Source/portable/GCC/ARM_CM4F/port.o
 .text.vPortValidateInterruptPriority
                0x000000000800c4a4       0x7c Middlewares/Third_Party/FreeRTOS/Source/portable/GCC/ARM_CM4F/port.o
                0x000000000800c4a4                vPortValidateInterruptPriority
 .text.pvPortMalloc
                0x000000000800c520      0x184 Middlewares/Third_Party/FreeRTOS/Source/portable/MemMang/heap_4.o
                0x000000000800c520                pvPortMalloc
 .text.vPortFree
                0x000000000800c6a4       0xb0 Middlewares/Third_Party/FreeRTOS/Source/portable/MemMang/heap_4.o
                0x000000000800c6a4                vPortFree
 .text.prvHeapInit
                0x000000000800c754       0xc4 Middlewares/Third_Party/FreeRTOS/Source/portable/MemMang/heap_4.o
 .text.prvInsertBlockIntoFreeList
                0x000000000800c818       0xb4 Middlewares/Third_Party/FreeRTOS/Source/portable/MemMang/heap_4.o
 .text.MX_USB_HOST_Init
                0x000000000800c8cc       0x4c USB_HOST/App/usb_host.o
                0x000000000800c8cc                MX_USB_HOST_Init
 .text.USBH_UserProcess
                0x000000000800c918       0x5c USB_HOST/App/usb_host.o
 .text.HAL_HCD_MspInit
                0x000000000800c974       0xc4 USB_HOST/Target/usbh_conf.o
                0x000000000800c974                HAL_HCD_MspInit
 .text.HAL_HCD_SOF_Callback
                0x000000000800ca38       0x1c USB_HOST/Target/usbh_conf.o
                0x000000000800ca38                HAL_HCD_SOF_Callback
 .text.HAL_HCD_Connect_Callback
                0x000000000800ca54       0x1c USB_HOST/Target/usbh_conf.o
                0x000000000800ca54                HAL_HCD_Connect_Callback
 .text.HAL_HCD_Disconnect_Callback
                0x000000000800ca70       0x1c USB_HOST/Target/usbh_conf.o
                0x000000000800ca70                HAL_HCD_Disconnect_Callback
 .text.HAL_HCD_HC_NotifyURBChange_Callback
                0x000000000800ca8c       0x24 USB_HOST/Target/usbh_conf.o
                0x000000000800ca8c                HAL_HCD_HC_NotifyURBChange_Callback
 .text.HAL_HCD_PortEnabled_Callback
                0x000000000800cab0       0x1c USB_HOST/Target/usbh_conf.o
                0x000000000800cab0                HAL_HCD_PortEnabled_Callback
 .text.HAL_HCD_PortDisabled_Callback
                0x000000000800cacc       0x1c USB_HOST/Target/usbh_conf.o
                0x000000000800cacc                HAL_HCD_PortDisabled_Callback
 .text.USBH_LL_Init
                0x000000000800cae8       0x78 USB_HOST/Target/usbh_conf.o
                0x000000000800cae8                USBH_LL_Init
 .text.USBH_LL_Start
                0x000000000800cb60       0x36 USB_HOST/Target/usbh_conf.o
                0x000000000800cb60                USBH_LL_Start
 .text.USBH_LL_Stop
                0x000000000800cb96       0x36 USB_HOST/Target/usbh_conf.o
                0x000000000800cb96                USBH_LL_Stop
 .text.USBH_LL_GetSpeed
                0x000000000800cbcc       0x4a USB_HOST/Target/usbh_conf.o
                0x000000000800cbcc                USBH_LL_GetSpeed
 .text.USBH_LL_ResetPort
                0x000000000800cc16       0x36 USB_HOST/Target/usbh_conf.o
                0x000000000800cc16                USBH_LL_ResetPort
 .text.USBH_LL_GetLastXferSize
                0x000000000800cc4c       0x26 USB_HOST/Target/usbh_conf.o
                0x000000000800cc4c                USBH_LL_GetLastXferSize
 .text.USBH_LL_OpenPipe
                0x000000000800cc72       0x5e USB_HOST/Target/usbh_conf.o
                0x000000000800cc72                USBH_LL_OpenPipe
 .text.USBH_LL_ClosePipe
                0x000000000800ccd0       0x3e USB_HOST/Target/usbh_conf.o
                0x000000000800ccd0                USBH_LL_ClosePipe
 .text.USBH_LL_SubmitURB
                0x000000000800cd0e       0x62 USB_HOST/Target/usbh_conf.o
                0x000000000800cd0e                USBH_LL_SubmitURB
 .text.USBH_LL_GetURBState
                0x000000000800cd70       0x26 USB_HOST/Target/usbh_conf.o
                0x000000000800cd70                USBH_LL_GetURBState
 .text.USBH_LL_DriverVBUS
                0x000000000800cd96       0x2e USB_HOST/Target/usbh_conf.o
                0x000000000800cd96                USBH_LL_DriverVBUS
 .text.USBH_LL_SetToggle
                0x000000000800cdc4       0x66 USB_HOST/Target/usbh_conf.o
                0x000000000800cdc4                USBH_LL_SetToggle
 .text.USBH_Delay
                0x000000000800ce2a       0x16 USB_HOST/Target/usbh_conf.o
                0x000000000800ce2a                USBH_Delay
 .text.USBH_Get_USB_Status
                0x000000000800ce40       0x58 USB_HOST/Target/usbh_conf.o
                0x000000000800ce40                USBH_Get_USB_Status
 .text.MX_DriverVbusFS
                0x000000000800ce98       0x38 USB_HOST/Target/usbh_platform.o
                0x000000000800ce98                MX_DriverVbusFS
 .text.__errno  0x000000000800ced0        0xc d:/program files/st/stm32cubeide_1.4.0/stm32cubeide/plugins/com.st.stm32cube.ide.mcu.externaltools.gnu-tools-for-stm32.7-2018-q2-update.win32_1.4.0.202007081208/tools/bin/../lib/gcc/arm-none-eabi/7.3.1/../../../../arm-none-eabi/lib/thumb/v7e-m/fpv4-sp/hard\libc_nano.a(lib_a-errno.o)
                0x000000000800ced0                __errno
 .text.__libc_init_array
                0x000000000800cedc       0x48 d:/program files/st/stm32cubeide_1.4.0/stm32cubeide/plugins/com.st.stm32cube.ide.mcu.externaltools.gnu-tools-for-stm32.7-2018-q2-update.win32_1.4.0.202007081208/tools/bin/../lib/gcc/arm-none-eabi/7.3.1/../../../../arm-none-eabi/lib/thumb/v7e-m/fpv4-sp/hard\libc_nano.a(lib_a-init.o)
                0x000000000800cedc                __libc_init_array
 .text.malloc   0x000000000800cf24       0x10 d:/program files/st/stm32cubeide_1.4.0/stm32cubeide/plugins/com.st.stm32cube.ide.mcu.externaltools.gnu-tools-for-stm32.7-2018-q2-update.win32_1.4.0.202007081208/tools/bin/../lib/gcc/arm-none-eabi/7.3.1/../../../../arm-none-eabi/lib/thumb/v7e-m/fpv4-sp/hard\libc_nano.a(lib_a-malloc.o)
                0x000000000800cf24                malloc
 .text.free     0x000000000800cf34       0x10 d:/program files/st/stm32cubeide_1.4.0/stm32cubeide/plugins/com.st.stm32cube.ide.mcu.externaltools.gnu-tools-for-stm32.7-2018-q2-update.win32_1.4.0.202007081208/tools/bin/../lib/gcc/arm-none-eabi/7.3.1/../../../../arm-none-eabi/lib/thumb/v7e-m/fpv4-sp/hard\libc_nano.a(lib_a-malloc.o)
                0x000000000800cf34                free
 .text.memcpy   0x000000000800cf44       0x16 d:/program files/st/stm32cubeide_1.4.0/stm32cubeide/plugins/com.st.stm32cube.ide.mcu.externaltools.gnu-tools-for-stm32.7-2018-q2-update.win32_1.4.0.202007081208/tools/bin/../lib/gcc/arm-none-eabi/7.3.1/../../../../arm-none-eabi/lib/thumb/v7e-m/fpv4-sp/hard\libc_nano.a(lib_a-memcpy-stub.o)
                0x000000000800cf44                memcpy
 .text.memset   0x000000000800cf5a       0x10 d:/program files/st/stm32cubeide_1.4.0/stm32cubeide/plugins/com.st.stm32cube.ide.mcu.externaltools.gnu-tools-for-stm32.7-2018-q2-update.win32_1.4.0.202007081208/tools/bin/../lib/gcc/arm-none-eabi/7.3.1/../../../../arm-none-eabi/lib/thumb/v7e-m/fpv4-sp/hard\libc_nano.a(lib_a-memset.o)
                0x000000000800cf5a                memset
 *fill*         0x000000000800cf6a        0x2 
 .text._free_r  0x000000000800cf6c       0x9c d:/program files/st/stm32cubeide_1.4.0/stm32cubeide/plugins/com.st.stm32cube.ide.mcu.externaltools.gnu-tools-for-stm32.7-2018-q2-update.win32_1.4.0.202007081208/tools/bin/../lib/gcc/arm-none-eabi/7.3.1/../../../../arm-none-eabi/lib/thumb/v7e-m/fpv4-sp/hard\libc_nano.a(lib_a-nano-freer.o)
                0x000000000800cf6c                _free_r
 .text._malloc_r
                0x000000000800d008       0xb4 d:/program files/st/stm32cubeide_1.4.0/stm32cubeide/plugins/com.st.stm32cube.ide.mcu.externaltools.gnu-tools-for-stm32.7-2018-q2-update.win32_1.4.0.202007081208/tools/bin/../lib/gcc/arm-none-eabi/7.3.1/../../../../arm-none-eabi/lib/thumb/v7e-m/fpv4-sp/hard\libc_nano.a(lib_a-nano-mallocr.o)
                0x000000000800d008                _malloc_r
 .text._sbrk_r  0x000000000800d0bc       0x20 d:/program files/st/stm32cubeide_1.4.0/stm32cubeide/plugins/com.st.stm32cube.ide.mcu.externaltools.gnu-tools-for-stm32.7-2018-q2-update.win32_1.4.0.202007081208/tools/bin/../lib/gcc/arm-none-eabi/7.3.1/../../../../arm-none-eabi/lib/thumb/v7e-m/fpv4-sp/hard\libc_nano.a(lib_a-sbrkr.o)
                0x000000000800d0bc                _sbrk_r
 .text.__malloc_lock
                0x000000000800d0dc        0x2 d:/program files/st/stm32cubeide_1.4.0/stm32cubeide/plugins/com.st.stm32cube.ide.mcu.externaltools.gnu-tools-for-stm32.7-2018-q2-update.win32_1.4.0.202007081208/tools/bin/../lib/gcc/arm-none-eabi/7.3.1/../../../../arm-none-eabi/lib/thumb/v7e-m/fpv4-sp/hard\libc_nano.a(lib_a-mlock.o)
                0x000000000800d0dc                __malloc_lock
 .text.__malloc_unlock
                0x000000000800d0de        0x2 d:/program files/st/stm32cubeide_1.4.0/stm32cubeide/plugins/com.st.stm32cube.ide.mcu.externaltools.gnu-tools-for-stm32.7-2018-q2-update.win32_1.4.0.202007081208/tools/bin/../lib/gcc/arm-none-eabi/7.3.1/../../../../arm-none-eabi/lib/thumb/v7e-m/fpv4-sp/hard\libc_nano.a(lib_a-mlock.o)
                0x000000000800d0de                __malloc_unlock
 *(.glue_7)
 .glue_7        0x000000000800d0e0        0x0 linker stubs
 *(.glue_7t)
 .glue_7t       0x000000000800d0e0        0x0 linker stubs
 *(.eh_frame)
 .eh_frame      0x000000000800d0e0        0x0 d:/program files/st/stm32cubeide_1.4.0/stm32cubeide/plugins/com.st.stm32cube.ide.mcu.externaltools.gnu-tools-for-stm32.7-2018-q2-update.win32_1.4.0.202007081208/tools/bin/../lib/gcc/arm-none-eabi/7.3.1/thumb/v7e-m/fpv4-sp/hard/crtbegin.o
 *(.init)
 .init          0x000000000800d0e0        0x4 d:/program files/st/stm32cubeide_1.4.0/stm32cubeide/plugins/com.st.stm32cube.ide.mcu.externaltools.gnu-tools-for-stm32.7-2018-q2-update.win32_1.4.0.202007081208/tools/bin/../lib/gcc/arm-none-eabi/7.3.1/thumb/v7e-m/fpv4-sp/hard/crti.o
                0x000000000800d0e0                _init
 .init          0x000000000800d0e4        0x8 d:/program files/st/stm32cubeide_1.4.0/stm32cubeide/plugins/com.st.stm32cube.ide.mcu.externaltools.gnu-tools-for-stm32.7-2018-q2-update.win32_1.4.0.202007081208/tools/bin/../lib/gcc/arm-none-eabi/7.3.1/thumb/v7e-m/fpv4-sp/hard/crtn.o
 *(.fini)
 .fini          0x000000000800d0ec        0x4 d:/program files/st/stm32cubeide_1.4.0/stm32cubeide/plugins/com.st.stm32cube.ide.mcu.externaltools.gnu-tools-for-stm32.7-2018-q2-update.win32_1.4.0.202007081208/tools/bin/../lib/gcc/arm-none-eabi/7.3.1/thumb/v7e-m/fpv4-sp/hard/crti.o
                0x000000000800d0ec                _fini
 .fini          0x000000000800d0f0        0x8 d:/program files/st/stm32cubeide_1.4.0/stm32cubeide/plugins/com.st.stm32cube.ide.mcu.externaltools.gnu-tools-for-stm32.7-2018-q2-update.win32_1.4.0.202007081208/tools/bin/../lib/gcc/arm-none-eabi/7.3.1/thumb/v7e-m/fpv4-sp/hard/crtn.o
                0x000000000800d0f8                . = ALIGN (0x4)
                0x000000000800d0f8                _etext = .

.vfp11_veneer   0x000000000800d0f8        0x0
 .vfp11_veneer  0x000000000800d0f8        0x0 linker stubs

.v4_bx          0x000000000800d0f8        0x0
 .v4_bx         0x000000000800d0f8        0x0 linker stubs

.iplt           0x000000000800d0f8        0x0
 .iplt          0x000000000800d0f8        0x0 d:/program files/st/stm32cubeide_1.4.0/stm32cubeide/plugins/com.st.stm32cube.ide.mcu.externaltools.gnu-tools-for-stm32.7-2018-q2-update.win32_1.4.0.202007081208/tools/bin/../lib/gcc/arm-none-eabi/7.3.1/thumb/v7e-m/fpv4-sp/hard/crtbegin.o

.rodata         0x000000000800d0f8      0x680
                0x000000000800d0f8                . = ALIGN (0x4)
 *(.rodata)
 .rodata        0x000000000800d0f8      0x5fc Core/Src/main.o
 .rodata        0x000000000800d6f4        0x4 Middlewares/ST/STM32_USB_Host_Library/Class/CDC/Src/usbh_cdc.o
 .rodata        0x000000000800d6f8       0x38 Middlewares/ST/STM32_USB_Host_Library/Core/Src/usbh_core.o
 .rodata        0x000000000800d730       0x30 Middlewares/Third_Party/FreeRTOS/Source/tasks.o
 *(.rodata*)
 .rodata.AHBPrescTable
                0x000000000800d760       0x10 Core/Src/system_stm32f4xx.o
                0x000000000800d760                AHBPrescTable
 .rodata.APBPrescTable
                0x000000000800d770        0x8 Core/Src/system_stm32f4xx.o
                0x000000000800d770                APBPrescTable
                0x000000000800d778                . = ALIGN (0x4)

.ARM.extab      0x000000000800d778        0x0
                0x000000000800d778                . = ALIGN (0x4)
 *(.ARM.extab* .gnu.linkonce.armextab.*)
                0x000000000800d778                . = ALIGN (0x4)

.ARM            0x000000000800d778        0x8
                0x000000000800d778                . = ALIGN (0x4)
                0x000000000800d778                __exidx_start = .
 *(.ARM.exidx*)
 .ARM.exidx     0x000000000800d778        0x8 d:/program files/st/stm32cubeide_1.4.0/stm32cubeide/plugins/com.st.stm32cube.ide.mcu.externaltools.gnu-tools-for-stm32.7-2018-q2-update.win32_1.4.0.202007081208/tools/bin/../lib/gcc/arm-none-eabi/7.3.1/thumb/v7e-m/fpv4-sp/hard\libgcc.a(_udivmoddi4.o)
                0x000000000800d780                __exidx_end = .
                0x000000000800d780                . = ALIGN (0x4)

.rel.dyn        0x000000000800d780        0x0
 .rel.iplt      0x000000000800d780        0x0 d:/program files/st/stm32cubeide_1.4.0/stm32cubeide/plugins/com.st.stm32cube.ide.mcu.externaltools.gnu-tools-for-stm32.7-2018-q2-update.win32_1.4.0.202007081208/tools/bin/../lib/gcc/arm-none-eabi/7.3.1/thumb/v7e-m/fpv4-sp/hard/crtbegin.o

.preinit_array  0x000000000800d780        0x0
                0x000000000800d780                . = ALIGN (0x4)
                0x000000000800d780                PROVIDE (__preinit_array_start = .)
 *(.preinit_array*)
                0x000000000800d780                PROVIDE (__preinit_array_end = .)
                0x000000000800d780                . = ALIGN (0x4)

.init_array     0x000000000800d780        0x4
                0x000000000800d780                . = ALIGN (0x4)
                0x000000000800d780                PROVIDE (__init_array_start = .)
 *(SORT_BY_NAME(.init_array.*))
 *(.init_array*)
 .init_array    0x000000000800d780        0x4 d:/program files/st/stm32cubeide_1.4.0/stm32cubeide/plugins/com.st.stm32cube.ide.mcu.externaltools.gnu-tools-for-stm32.7-2018-q2-update.win32_1.4.0.202007081208/tools/bin/../lib/gcc/arm-none-eabi/7.3.1/thumb/v7e-m/fpv4-sp/hard/crtbegin.o
                0x000000000800d784                PROVIDE (__init_array_end = .)
                0x000000000800d784                . = ALIGN (0x4)

.fini_array     0x000000000800d784        0x4
                0x000000000800d784                . = ALIGN (0x4)
                [!provide]                        PROVIDE (__fini_array_start = .)
 *(SORT_BY_NAME(.fini_array.*))
 *(.fini_array*)
 .fini_array    0x000000000800d784        0x4 d:/program files/st/stm32cubeide_1.4.0/stm32cubeide/plugins/com.st.stm32cube.ide.mcu.externaltools.gnu-tools-for-stm32.7-2018-q2-update.win32_1.4.0.202007081208/tools/bin/../lib/gcc/arm-none-eabi/7.3.1/thumb/v7e-m/fpv4-sp/hard/crtbegin.o
                [!provide]                        PROVIDE (__fini_array_end = .)
                0x000000000800d788                . = ALIGN (0x4)
                0x000000000800d788                _sidata = LOADADDR (.data)

.data           0x0000000020000000       0x94 load address 0x000000000800d788
                0x0000000020000000                . = ALIGN (0x4)
                0x0000000020000000                _sdata = .
 *(.data)
 *(.data*)
 .data.SystemCoreClock
                0x0000000020000000        0x4 Core/Src/system_stm32f4xx.o
                0x0000000020000000                SystemCoreClock
 .data.uwTickPrio
                0x0000000020000004        0x4 Drivers/STM32F4xx_HAL_Driver/Src/stm32f4xx_hal.o
                0x0000000020000004                uwTickPrio
 .data.uwTickFreq
                0x0000000020000008        0x1 Drivers/STM32F4xx_HAL_Driver/Src/stm32f4xx_hal.o
                0x0000000020000008                uwTickFreq
 *fill*         0x0000000020000009        0x3 
 .data.CDC_Class
                0x000000002000000c       0x20 Middlewares/ST/STM32_USB_Host_Library/Class/CDC/Src/usbh_cdc.o
                0x000000002000000c                CDC_Class
 .data.uxCriticalNesting
                0x000000002000002c        0x4 Middlewares/Third_Party/FreeRTOS/Source/portable/GCC/ARM_CM4F/port.o
 .data._impure_ptr
                0x0000000020000030        0x4 d:/program files/st/stm32cubeide_1.4.0/stm32cubeide/plugins/com.st.stm32cube.ide.mcu.externaltools.gnu-tools-for-stm32.7-2018-q2-update.win32_1.4.0.202007081208/tools/bin/../lib/gcc/arm-none-eabi/7.3.1/../../../../arm-none-eabi/lib/thumb/v7e-m/fpv4-sp/hard\libc_nano.a(lib_a-impure.o)
                0x0000000020000030                _impure_ptr
 .data.impure_data
                0x0000000020000034       0x60 d:/program files/st/stm32cubeide_1.4.0/stm32cubeide/plugins/com.st.stm32cube.ide.mcu.externaltools.gnu-tools-for-stm32.7-2018-q2-update.win32_1.4.0.202007081208/tools/bin/../lib/gcc/arm-none-eabi/7.3.1/../../../../arm-none-eabi/lib/thumb/v7e-m/fpv4-sp/hard\libc_nano.a(lib_a-impure.o)
                0x0000000020000094                . = ALIGN (0x4)
                0x0000000020000094                _edata = .

.igot.plt       0x0000000020000094        0x0 load address 0x000000000800d81c
 .igot.plt      0x0000000020000094        0x0 d:/program files/st/stm32cubeide_1.4.0/stm32cubeide/plugins/com.st.stm32cube.ide.mcu.externaltools.gnu-tools-for-stm32.7-2018-q2-update.win32_1.4.0.202007081208/tools/bin/../lib/gcc/arm-none-eabi/7.3.1/thumb/v7e-m/fpv4-sp/hard/crtbegin.o
                0x0000000020000094                . = ALIGN (0x4)

.bss            0x0000000020000094     0x48dc load address 0x000000000800d81c
                0x0000000020000094                _sbss = .
                0x0000000020000094                __bss_start__ = _sbss
 *(.bss)
 .bss           0x0000000020000094       0x1c d:/program files/st/stm32cubeide_1.4.0/stm32cubeide/plugins/com.st.stm32cube.ide.mcu.externaltools.gnu-tools-for-stm32.7-2018-q2-update.win32_1.4.0.202007081208/tools/bin/../lib/gcc/arm-none-eabi/7.3.1/thumb/v7e-m/fpv4-sp/hard/crtbegin.o
 *(.bss*)
 .bss.xIdleTaskTCBBuffer
                0x00000000200000b0       0x60 Core/Src/freertos.o
 .bss.xIdleStack
                0x0000000020000110      0x200 Core/Src/freertos.o
 .bss.__sbrk_heap_end
                0x0000000020000310        0x4 Core/Src/sysmem.o
 .bss.tmpreg.9058
                0x0000000020000314        0x4 Drivers/STM32F4xx_HAL_Driver/Src/stm32f4xx_ll_usb.o
 .bss.pxCurrentTCB
                0x0000000020000318        0x4 Middlewares/Third_Party/FreeRTOS/Source/tasks.o
                0x0000000020000318                pxCurrentTCB
 .bss.pxReadyTasksLists
                0x000000002000031c       0x8c Middlewares/Third_Party/FreeRTOS/Source/tasks.o
 .bss.xDelayedTaskList1
                0x00000000200003a8       0x14 Middlewares/Third_Party/FreeRTOS/Source/tasks.o
 .bss.xDelayedTaskList2
                0x00000000200003bc       0x14 Middlewares/Third_Party/FreeRTOS/Source/tasks.o
 .bss.pxDelayedTaskList
                0x00000000200003d0        0x4 Middlewares/Third_Party/FreeRTOS/Source/tasks.o
 .bss.pxOverflowDelayedTaskList
                0x00000000200003d4        0x4 Middlewares/Third_Party/FreeRTOS/Source/tasks.o
 .bss.xPendingReadyList
                0x00000000200003d8       0x14 Middlewares/Third_Party/FreeRTOS/Source/tasks.o
 .bss.xTasksWaitingTermination
                0x00000000200003ec       0x14 Middlewares/Third_Party/FreeRTOS/Source/tasks.o
 .bss.uxDeletedTasksWaitingCleanUp
                0x0000000020000400        0x4 Middlewares/Third_Party/FreeRTOS/Source/tasks.o
 .bss.xSuspendedTaskList
                0x0000000020000404       0x14 Middlewares/Third_Party/FreeRTOS/Source/tasks.o
 .bss.uxCurrentNumberOfTasks
                0x0000000020000418        0x4 Middlewares/Third_Party/FreeRTOS/Source/tasks.o
 .bss.xTickCount
                0x000000002000041c        0x4 Middlewares/Third_Party/FreeRTOS/Source/tasks.o
 .bss.uxTopReadyPriority
                0x0000000020000420        0x4 Middlewares/Third_Party/FreeRTOS/Source/tasks.o
 .bss.xSchedulerRunning
                0x0000000020000424        0x4 Middlewares/Third_Party/FreeRTOS/Source/tasks.o
 .bss.uxPendedTicks
                0x0000000020000428        0x4 Middlewares/Third_Party/FreeRTOS/Source/tasks.o
 .bss.xYieldPending
                0x000000002000042c        0x4 Middlewares/Third_Party/FreeRTOS/Source/tasks.o
 .bss.xNumOfOverflows
                0x0000000020000430        0x4 Middlewares/Third_Party/FreeRTOS/Source/tasks.o
 .bss.uxTaskNumber
                0x0000000020000434        0x4 Middlewares/Third_Party/FreeRTOS/Source/tasks.o
 .bss.xNextTaskUnblockTime
                0x0000000020000438        0x4 Middlewares/Third_Party/FreeRTOS/Source/tasks.o
 .bss.xIdleTaskHandle
                0x000000002000043c        0x4 Middlewares/Third_Party/FreeRTOS/Source/tasks.o
 .bss.uxSchedulerSuspended
                0x0000000020000440        0x4 Middlewares/Third_Party/FreeRTOS/Source/tasks.o
 .bss.ulTaskSwitchedInTime
                0x0000000020000444        0x4 Middlewares/Third_Party/FreeRTOS/Source/tasks.o
 .bss.ulTotalRunTime
                0x0000000020000448        0x4 Middlewares/Third_Party/FreeRTOS/Source/tasks.o
 .bss.ucMaxSysCallPriority
                0x000000002000044c        0x1 Middlewares/Third_Party/FreeRTOS/Source/portable/GCC/ARM_CM4F/port.o
 *fill*         0x000000002000044d        0x3 
 .bss.ulMaxPRIGROUPValue
                0x0000000020000450        0x4 Middlewares/Third_Party/FreeRTOS/Source/portable/GCC/ARM_CM4F/port.o
 .bss.ucHeap    0x0000000020000454     0x3c00 Middlewares/Third_Party/FreeRTOS/Source/portable/MemMang/heap_4.o
 .bss.xStart    0x0000000020004054        0x8 Middlewares/Third_Party/FreeRTOS/Source/portable/MemMang/heap_4.o
 .bss.pxEnd     0x000000002000405c        0x4 Middlewares/Third_Party/FreeRTOS/Source/portable/MemMang/heap_4.o
 .bss.xFreeBytesRemaining
                0x0000000020004060        0x4 Middlewares/Third_Party/FreeRTOS/Source/portable/MemMang/heap_4.o
 .bss.xMinimumEverFreeBytesRemaining
                0x0000000020004064        0x4 Middlewares/Third_Party/FreeRTOS/Source/portable/MemMang/heap_4.o
 .bss.xBlockAllocatedBit
                0x0000000020004068        0x4 Middlewares/Third_Party/FreeRTOS/Source/portable/MemMang/heap_4.o
 .bss.Appli_state
                0x000000002000406c        0x1 USB_HOST/App/usb_host.o
                0x000000002000406c                Appli_state
 *fill*         0x000000002000406d        0x3 
 .bss.__malloc_free_list
                0x0000000020004070        0x4 d:/program files/st/stm32cubeide_1.4.0/stm32cubeide/plugins/com.st.stm32cube.ide.mcu.externaltools.gnu-tools-for-stm32.7-2018-q2-update.win32_1.4.0.202007081208/tools/bin/../lib/gcc/arm-none-eabi/7.3.1/../../../../arm-none-eabi/lib/thumb/v7e-m/fpv4-sp/hard\libc_nano.a(lib_a-nano-mallocr.o)
                0x0000000020004070                __malloc_free_list
 .bss.__malloc_sbrk_start
                0x0000000020004074        0x4 d:/program files/st/stm32cubeide_1.4.0/stm32cubeide/plugins/com.st.stm32cube.ide.mcu.externaltools.gnu-tools-for-stm32.7-2018-q2-update.win32_1.4.0.202007081208/tools/bin/../lib/gcc/arm-none-eabi/7.3.1/../../../../arm-none-eabi/lib/thumb/v7e-m/fpv4-sp/hard\libc_nano.a(lib_a-nano-mallocr.o)
                0x0000000020004074                __malloc_sbrk_start
 *(COMMON)
 COMMON         0x0000000020004078      0x205 Core/Src/main.o
                0x0000000020004078                defaultTaskHandle
                0x000000002000407c                Washing2Handle
                0x0000000020004080                Brushes1Handle
                0x0000000020004084                Washing1Handle
                0x0000000020004088                Foam1Handle
                0x000000002000408c                hi2c1
                0x00000000200040e0                Drying1Handle
                0x00000000200040e4                Washing4Handle
                0x00000000200040e8                xMutex
                0x00000000200040ec                pushNumber
                0x00000000200040f0                Drying4Handle
                0x00000000200040f4                Drying3Handle
                0x00000000200040f8                USART_QueueHandle
                0x00000000200040fc                SemHandle
                0x0000000020004100                str1
                0x0000000020004178                Foam4Handle
                0x000000002000417c                Drying2Handle
                0x0000000020004180                Brushes3Handle
                0x0000000020004184                Foam3Handle
                0x0000000020004188                Washing3Handle
                0x000000002000418c                Foam2Handle
                0x0000000020004190                Brushes2Handle
                0x0000000020004194                hspi1
                0x00000000200041ec                buttonPush
                0x00000000200041f0                Brushes4Handle
                0x00000000200041f4                huart2
                0x0000000020004234                hi2s3
                0x000000002000427c                status
 *fill*         0x000000002000427d        0x3 
 COMMON         0x0000000020004280       0x40 Core/Src/stm32f4xx_hal_timebase_tim.o
                0x0000000020004280                htim2
 COMMON         0x00000000200042c0        0x4 Drivers/STM32F4xx_HAL_Driver/Src/stm32f4xx_hal.o
                0x00000000200042c0                uwTick
 COMMON         0x00000000200042c4      0x3e4 USB_HOST/App/usb_host.o
                0x00000000200042c4                hUsbHostFS
 COMMON         0x00000000200046a8      0x2c4 USB_HOST/Target/usbh_conf.o
                0x00000000200046a8                hhcd_USB_OTG_FS
 COMMON         0x000000002000496c        0x4 d:/program files/st/stm32cubeide_1.4.0/stm32cubeide/plugins/com.st.stm32cube.ide.mcu.externaltools.gnu-tools-for-stm32.7-2018-q2-update.win32_1.4.0.202007081208/tools/bin/../lib/gcc/arm-none-eabi/7.3.1/../../../../arm-none-eabi/lib/thumb/v7e-m/fpv4-sp/hard\libc_nano.a(lib_a-reent.o)
                0x000000002000496c                errno
                0x0000000020004970                . = ALIGN (0x4)
                0x0000000020004970                _ebss = .
                0x0000000020004970                __bss_end__ = _ebss

._user_heap_stack
                0x0000000020004970      0x600 load address 0x000000000800d81c
                0x0000000020004970                . = ALIGN (0x8)
                [!provide]                        PROVIDE (end = .)
                0x0000000020004970                PROVIDE (_end = .)
                0x0000000020004b70                . = (. + _Min_Heap_Size)
 *fill*         0x0000000020004970      0x200 
                0x0000000020004f70                . = (. + _Min_Stack_Size)
 *fill*         0x0000000020004b70      0x400 
                0x0000000020004f70                . = ALIGN (0x8)

/DISCARD/
 libc.a(*)
 libm.a(*)
 libgcc.a(*)

.ARM.attributes
                0x0000000000000000       0x30
 *(.ARM.attributes)
 .ARM.attributes
                0x0000000000000000       0x22 d:/program files/st/stm32cubeide_1.4.0/stm32cubeide/plugins/com.st.stm32cube.ide.mcu.externaltools.gnu-tools-for-stm32.7-2018-q2-update.win32_1.4.0.202007081208/tools/bin/../lib/gcc/arm-none-eabi/7.3.1/thumb/v7e-m/fpv4-sp/hard/crti.o
 .ARM.attributes
                0x0000000000000022       0x34 d:/program files/st/stm32cubeide_1.4.0/stm32cubeide/plugins/com.st.stm32cube.ide.mcu.externaltools.gnu-tools-for-stm32.7-2018-q2-update.win32_1.4.0.202007081208/tools/bin/../lib/gcc/arm-none-eabi/7.3.1/thumb/v7e-m/fpv4-sp/hard/crtbegin.o
 .ARM.attributes
                0x0000000000000056       0x39 Core/Src/freertos.o
 .ARM.attributes
                0x000000000000008f       0x39 Core/Src/main.o
 .ARM.attributes
                0x00000000000000c8       0x39 Core/Src/stm32f4xx_hal_msp.o
 .ARM.attributes
                0x0000000000000101       0x39 Core/Src/stm32f4xx_hal_timebase_tim.o
 .ARM.attributes
                0x000000000000013a       0x39 Core/Src/stm32f4xx_it.o
 .ARM.attributes
                0x0000000000000173       0x39 Core/Src/sysmem.o
 .ARM.attributes
                0x00000000000001ac       0x39 Core/Src/system_stm32f4xx.o
 .ARM.attributes
                0x00000000000001e5       0x21 Core/Startup/startup_stm32f407vgtx.o
 .ARM.attributes
                0x0000000000000206       0x39 Drivers/STM32F4xx_HAL_Driver/Src/stm32f4xx_hal.o
 .ARM.attributes
                0x000000000000023f       0x39 Drivers/STM32F4xx_HAL_Driver/Src/stm32f4xx_hal_cortex.o
 .ARM.attributes
                0x0000000000000278       0x39 Drivers/STM32F4xx_HAL_Driver/Src/stm32f4xx_hal_dma.o
 .ARM.attributes
                0x00000000000002b1       0x39 Drivers/STM32F4xx_HAL_Driver/Src/stm32f4xx_hal_gpio.o
 .ARM.attributes
                0x00000000000002ea       0x39 Drivers/STM32F4xx_HAL_Driver/Src/stm32f4xx_hal_hcd.o
 .ARM.attributes
                0x0000000000000323       0x39 Drivers/STM32F4xx_HAL_Driver/Src/stm32f4xx_hal_i2c.o
 .ARM.attributes
                0x000000000000035c       0x39 Drivers/STM32F4xx_HAL_Driver/Src/stm32f4xx_hal_i2s.o
 .ARM.attributes
                0x0000000000000395       0x39 Drivers/STM32F4xx_HAL_Driver/Src/stm32f4xx_hal_i2s_ex.o
 .ARM.attributes
                0x00000000000003ce       0x39 Drivers/STM32F4xx_HAL_Driver/Src/stm32f4xx_hal_rcc.o
 .ARM.attributes
                0x0000000000000407       0x39 Drivers/STM32F4xx_HAL_Driver/Src/stm32f4xx_hal_rcc_ex.o
 .ARM.attributes
                0x0000000000000440       0x39 Drivers/STM32F4xx_HAL_Driver/Src/stm32f4xx_hal_spi.o
 .ARM.attributes
                0x0000000000000479       0x39 Drivers/STM32F4xx_HAL_Driver/Src/stm32f4xx_hal_tim.o