main.c:111:5:main	88	static
main.c:198:6:SystemClock_Config	104	static
main.c:250:13:MX_I2C1_Init	8	static
main.c:284:13:MX_I2S3_Init	8	static
main.c:318:13:MX_SPI1_Init	8	static
main.c:356:13:MX_USART2_UART_Init	8	static
main.c:389:13:MX_GPIO_Init	56	static
main.c:481:6:Foam1	64	static
main.c:503:6:Foam2	64	static
main.c:525:6:Foam3	64	static
main.c:547:6:Foam4	64	static
main.c:569:6:Brushes1	64	static
main.c:591:6:Brushes2	64	static
main.c:614:6:Brushes3	64	static
main.c:637:6:Brushes4	64	static
main.c:660:6:Washing1	64	static
main.c:682:6:Washing2	64	static
main.c:704:6:Washing3	64	static
main.c:726:6:Washing4	64	static
main.c:748:6:Drying1	40	static
main.c:768:6:Drying2	40	static
main.c:788:6:Drying3	40	static
main.c:808:6:Drying4	40	static
main.c:828:6:EXTI0_IRQHandler	8	static
main.c:853:6:StartDefaultTask	136	static
main.c:904:6:HAL_TIM_PeriodElapsedCallback	16	static
main.c:921:6:Error_Handler	4	static
