main.c:110:5:main	88	static
main.c:196:6:SystemClock_Config	104	static
main.c:248:13:MX_I2C1_Init	8	static
main.c:282:13:MX_I2S3_Init	8	static
main.c:316:13:MX_SPI1_Init	8	static
main.c:354:13:MX_USART2_UART_Init	8	static
main.c:387:13:MX_GPIO_Init	56	static
main.c:479:6:Foam1	64	static
main.c:499:6:Foam2	64	static
main.c:519:6:Foam3	64	static
main.c:539:6:Foam4	64	static
main.c:559:6:Brushes1	64	static
main.c:579:6:Brushes2	64	static
main.c:600:6:Brushes3	64	static
main.c:621:6:Brushes4	64	static
main.c:642:6:Washing1	64	static
main.c:662:6:Washing2	64	static
main.c:682:6:Washing3	64	static
main.c:702:6:Washing4	64	static
main.c:722:6:Drying1	40	static
main.c:740:6:Drying2	40	static
main.c:758:6:Drying3	40	static
main.c:776:6:Drying4	40	static
main.c:794:6:EXTI0_IRQHandler	8	static
main.c:819:6:StartDefaultTask	136	static
main.c:870:6:HAL_TIM_PeriodElapsedCallback	16	static
main.c:887:6:Error_Handler	4	static
